Component: ARM Compiler 6.15 Tool: armlink [5dd79300]

==============================================================================

Section Cross References

    startup_fm33lg0xx.o(STACK) refers (Special) to heapauxi.o(.text) for __use_two_region_memory
    startup_fm33lg0xx.o(HEAP) refers (Special) to heapauxi.o(.text) for __use_two_region_memory
    startup_fm33lg0xx.o(RESET) refers (Special) to heapauxi.o(.text) for __use_two_region_memory
    startup_fm33lg0xx.o(RESET) refers to startup_fm33lg0xx.o(STACK) for __initial_sp
    startup_fm33lg0xx.o(RESET) refers to startup_fm33lg0xx.o(.text) for Reset_Handler
    startup_fm33lg0xx.o(RESET) refers to context_rvds.o(.text) for HardFault_Handler
    startup_fm33lg0xx.o(RESET) refers to board.o(.text.SysTick_Handler) for SysTick_Handler
    startup_fm33lg0xx.o(.text) refers (Special) to heapauxi.o(.text) for __use_two_region_memory
    startup_fm33lg0xx.o(.text) refers to system_fm33lg0xx.o(.text.SystemInit) for SystemInit
    startup_fm33lg0xx.o(.text) refers to __main.o(!!!main) for __main
    startup_fm33lg0xx.o(.text) refers to startup_fm33lg0xx.o(HEAP) for Heap_Mem
    startup_fm33lg0xx.o(.text) refers to startup_fm33lg0xx.o(STACK) for Stack_Mem
    mf_config.o(.text.MF_Clock_Init) refers to mf_config.o(.text.FL_CMU_EnableGroup1BusClock) for FL_CMU_EnableGroup1BusClock
    mf_config.o(.text.MF_Clock_Init) refers to mf_config.o(.text.FL_RTCA_WriteAdjustValue) for FL_RTCA_WriteAdjustValue
    mf_config.o(.text.MF_Clock_Init) refers to mf_config.o(.text.FL_CMU_DisableGroup1BusClock) for FL_CMU_DisableGroup1BusClock
    mf_config.o(.text.MF_Clock_Init) refers to mf_config.o(.text.FL_RTCB_WriteAdjustValue) for FL_RTCB_WriteAdjustValue
    mf_config.o(.ARM.exidx.text.MF_Clock_Init) refers to mf_config.o(.text.MF_Clock_Init) for [Anonymous Symbol]
    mf_config.o(.ARM.exidx.text.FL_CMU_EnableGroup1BusClock) refers to mf_config.o(.text.FL_CMU_EnableGroup1BusClock) for [Anonymous Symbol]
    mf_config.o(.ARM.exidx.text.FL_RTCA_WriteAdjustValue) refers to mf_config.o(.text.FL_RTCA_WriteAdjustValue) for [Anonymous Symbol]
    mf_config.o(.ARM.exidx.text.FL_CMU_DisableGroup1BusClock) refers to mf_config.o(.text.FL_CMU_DisableGroup1BusClock) for [Anonymous Symbol]
    mf_config.o(.ARM.exidx.text.FL_RTCB_WriteAdjustValue) refers to mf_config.o(.text.FL_RTCB_WriteAdjustValue) for [Anonymous Symbol]
    mf_config.o(.ARM.exidx.text.MF_SystemClock_Config) refers to mf_config.o(.text.MF_SystemClock_Config) for [Anonymous Symbol]
    mf_config.o(.ARM.exidx.text.MF_Config_Init) refers to mf_config.o(.text.MF_Config_Init) for [Anonymous Symbol]
    mf_config.o(.ARM.exidx.text.Error_Handler) refers to mf_config.o(.text.Error_Handler) for [Anonymous Symbol]
    mf_config.o(.ARM.exidx.text.assert_failed) refers to mf_config.o(.text.assert_failed) for [Anonymous Symbol]
    main.o(.text.main) refers to mf_config.o(.text.MF_Clock_Init) for MF_Clock_Init
    main.o(.text.main) refers to mf_config.o(.text.MF_SystemClock_Config) for MF_SystemClock_Config
    main.o(.text.main) refers to fm33lg0xx_fl.o(.text.FL_Init) for FL_Init
    main.o(.text.main) refers to mf_config.o(.text.MF_Config_Init) for MF_Config_Init
    main.o(.text.main) refers to user_init.o(.text.UserInit) for UserInit
    main.o(.text.main) refers to user_init.o(.text.FoutInit) for FoutInit
    main.o(.text.main) refers to thread.o(.text.rt_thread_create) for rt_thread_create
    main.o(.text.main) refers to thread.o(.text.rt_thread_startup) for rt_thread_startup
    main.o(.text.main) refers to main.o(.text.led1_task_entry) for led1_task_entry
    main.o(.text.main) refers to main.o(.bss.led1_Thread) for [Anonymous Symbol]
    main.o(.text.main) refers to main.o(.text.led2_task_entry) for led2_task_entry
    main.o(.text.main) refers to main.o(.bss.led2_Thread) for [Anonymous Symbol]
    main.o(.ARM.exidx.text.main) refers to main.o(.text.main) for [Anonymous Symbol]
    main.o(.text.led1_task_entry) refers to main.o(.text.FL_GPIO_ToggleOutputPin) for FL_GPIO_ToggleOutputPin
    main.o(.text.led1_task_entry) refers to thread.o(.text.rt_thread_mdelay) for rt_thread_mdelay
    main.o(.ARM.exidx.text.led1_task_entry) refers to main.o(.text.led1_task_entry) for [Anonymous Symbol]
    main.o(.text.led2_task_entry) refers to main.o(.text.FL_GPIO_ToggleOutputPin) for FL_GPIO_ToggleOutputPin
    main.o(.text.led2_task_entry) refers to thread.o(.text.rt_thread_mdelay) for rt_thread_mdelay
    main.o(.ARM.exidx.text.led2_task_entry) refers to main.o(.text.led2_task_entry) for [Anonymous Symbol]
    main.o(.text.rt_hw_console_output) refers to scheduler.o(.text.rt_enter_critical) for rt_enter_critical
    main.o(.text.rt_hw_console_output) refers to kservice.o(.text.rt_strlen) for rt_strlen
    main.o(.text.rt_hw_console_output) refers to scheduler.o(.text.rt_exit_critical) for rt_exit_critical
    main.o(.text.rt_hw_console_output) refers to main.o(.text.FL_LPUART_WriteTXBuff) for FL_LPUART_WriteTXBuff
[...]
    [Anonymous Symbol]                       0x00001b04   Section        0  cpuport.o(.text.rt_hw_stack_init)
    __arm_cp.0_0                             0x00001b3c   Number         4  cpuport.o(.text.rt_hw_stack_init)
    [Anonymous Symbol]                       0x00001b40   Section        0  irq.o(.text.rt_interrupt_enter)
    [Anonymous Symbol]                       0x00001b54   Section        0  irq.o(.text.rt_interrupt_leave)
    __arm_cp.1_0                             0x00001b68   Number         4  irq.o(.text.rt_interrupt_leave)
    rt_ipc_list_resume                       0x00001b6d   Thumb Code    12  ipc.o(.text.rt_ipc_list_resume)
    [Anonymous Symbol]                       0x00001b6c   Section        0  ipc.o(.text.rt_ipc_list_resume)
    rt_ipc_list_suspend                      0x00001b79   Thumb Code    76  ipc.o(.text.rt_ipc_list_suspend)
    [Anonymous Symbol]                       0x00001b78   Section        0  ipc.o(.text.rt_ipc_list_suspend)
    rt_ipc_object_init                       0x00001bc5   Thumb Code    10  ipc.o(.text.rt_ipc_object_init)
    [Anonymous Symbol]                       0x00001bc4   Section        0  ipc.o(.text.rt_ipc_object_init)
    rt_list_init                             0x00001bcf   Thumb Code     6  ipc.o(.text.rt_list_init)
    [Anonymous Symbol]                       0x00001bce   Section        0  ipc.o(.text.rt_list_init)
    rt_list_init                             0x00001bd5   Thumb Code     6  scheduler.o(.text.rt_list_init)
    [Anonymous Symbol]                       0x00001bd4   Section        0  scheduler.o(.text.rt_list_init)
    rt_list_init                             0x00001bdb   Thumb Code     6  thread.o(.text.rt_list_init)
    [Anonymous Symbol]                       0x00001bda   Section        0  thread.o(.text.rt_list_init)
    rt_list_init                             0x00001be1   Thumb Code     6  timer.o(.text.rt_list_init)
    [Anonymous Symbol]                       0x00001be0   Section        0  timer.o(.text.rt_list_init)
    rt_list_insert_after                     0x00001be7   Thumb Code    12  object.o(.text.rt_list_insert_after)
    [Anonymous Symbol]                       0x00001be6   Section        0  object.o(.text.rt_list_insert_after)
    rt_list_insert_after                     0x00001bf5   Thumb Code    20  thread.o(.text.rt_list_insert_after)
    [Anonymous Symbol]                       0x00001bf4   Section        0  thread.o(.text.rt_list_insert_after)
    __arm_cp.2_0                             0x00001c04   Number         4  thread.o(.text.rt_list_insert_after)
    rt_list_insert_after                     0x00001c09   Thumb Code    12  timer.o(.text.rt_list_insert_after)
    [Anonymous Symbol]                       0x00001c08   Section        0  timer.o(.text.rt_list_insert_after)
    rt_list_insert_before                    0x00001c15   Thumb Code    12  ipc.o(.text.rt_list_insert_before)
    [Anonymous Symbol]                       0x00001c14   Section        0  ipc.o(.text.rt_list_insert_before)
    rt_list_insert_before                    0x00001c21   Thumb Code    12  scheduler.o(.text.rt_list_insert_before)
    [Anonymous Symbol]                       0x00001c20   Section        0  scheduler.o(.text.rt_list_insert_before)
    rt_list_insert_before                    0x00001c2d   Thumb Code    12  thread.o(.text.rt_list_insert_before)
    [Anonymous Symbol]                       0x00001c2c   Section        0  thread.o(.text.rt_list_insert_before)
    rt_list_isempty                          0x00001c39   Thumb Code    10  ipc.o(.text.rt_list_isempty)
    [Anonymous Symbol]                       0x00001c38   Section        0  ipc.o(.text.rt_list_isempty)
    rt_list_isempty                          0x00001c43   Thumb Code    10  scheduler.o(.text.rt_list_isempty)
    [Anonymous Symbol]                       0x00001c42   Section        0  scheduler.o(.text.rt_list_isempty)
    rt_list_isempty                          0x00001c4d   Thumb Code    10  timer.o(.text.rt_list_isempty)
    [Anonymous Symbol]                       0x00001c4c   Section        0  timer.o(.text.rt_list_isempty)
    rt_list_remove                           0x00001c57   Thumb Code    16  idle.o(.text.rt_list_remove)
    [Anonymous Symbol]                       0x00001c56   Section        0  idle.o(.text.rt_list_remove)
    rt_list_remove                           0x00001c67   Thumb Code    16  object.o(.text.rt_list_remove)
    [Anonymous Symbol]                       0x00001c66   Section        0  object.o(.text.rt_list_remove)
    rt_list_remove                           0x00001c77   Thumb Code    16  scheduler.o(.text.rt_list_remove)
    [Anonymous Symbol]                       0x00001c76   Section        0  scheduler.o(.text.rt_list_remove)
    rt_list_remove                           0x00001c87   Thumb Code    16  thread.o(.text.rt_list_remove)
    [Anonymous Symbol]                       0x00001c86   Section        0  thread.o(.text.rt_list_remove)
    rt_list_remove                           0x00001c97   Thumb Code    16  timer.o(.text.rt_list_remove)
    [Anonymous Symbol]                       0x00001c96   Section        0  timer.o(.text.rt_list_remove)
    [Anonymous Symbol]                       0x00001ca8   Section        0  mem.o(.text.rt_malloc)
    __arm_cp.1_0                             0x00001ddc   Number         4  mem.o(.text.rt_malloc)
    __arm_cp.1_1                             0x00001de0   Number         4  mem.o(.text.rt_malloc)
    __arm_cp.1_2                             0x00001de4   Number         4  mem.o(.text.rt_malloc)
    __arm_cp.1_3                             0x00001de8   Number         4  mem.o(.text.rt_malloc)
    __arm_cp.1_4                             0x00001dec   Number         4  mem.o(.text.rt_malloc)
    __arm_cp.1_5                             0x00001df0   Number         4  mem.o(.text.rt_malloc)
    __arm_cp.1_6                             0x00001df4   Number         4  mem.o(.text.rt_malloc)
    [Anonymous Symbol]                       0x00001df8   Section        0  kservice.o(.text.rt_memmove)
    [Anonymous Symbol]                       0x00001e2a   Section        0  kservice.o(.text.rt_memset)
    [Anonymous Symbol]                       0x00001e76   Section        0  object.o(.text.rt_object_allocate)
    [Anonymous Symbol]                       0x00001eca   Section        0  object.o(.text.rt_object_delete)
    [Anonymous Symbol]                       0x00001eee   Section        0  object.o(.text.rt_object_detach)
    [Anonymous Symbol]                       0x00001f0c   Section        0  object.o(.text.rt_object_get_information)
    __arm_cp.1_0                             0x00001f24   Number         4  object.o(.text.rt_object_get_information)
    [Anonymous Symbol]                       0x00001f28   Section        0  object.o(.text.rt_object_init)
    [Anonymous Symbol]                       0x00001f76   Section        0  object.o(.text.rt_object_is_systemobject)
    [Anonymous Symbol]                       0x00001f7c   Section        0  board.o(.text.rt_os_tick_callback)
    [Anonymous Symbol]                       0x00001f8c   Section        0  scheduler.o(.text.rt_schedule)
    __arm_cp.3_5                             0x00001fe0   Number         4  scheduler.o(.text.rt_schedule)
    [Anonymous Symbol]                       0x00001fe4   Section        0  scheduler.o(.text.rt_schedule_insert_thread)
    [Anonymous Symbol]                       0x00002020   Section        0  scheduler.o(.text.rt_schedule_remove_thread)
    [Anonymous Symbol]                       0x00002058   Section        0  ipc.o(.text.rt_sem_init)
    [Anonymous Symbol]                       0x00002078   Section        0  ipc.o(.text.rt_sem_release)
    __arm_cp.9_0                             0x000020cc   Number         4  ipc.o(.text.rt_sem_release)
    [Anonymous Symbol]                       0x000020d0   Section        0  ipc.o(.text.rt_sem_take)
    [Anonymous Symbol]                       0x0000214a   Section        0  kservice.o(.text.rt_show_version)
    [Anonymous Symbol]                       0x0000214c   Section        0  kservice.o(.text.rt_strncpy)
    [Anonymous Symbol]                       0x00002180   Section        0  mem.o(.text.rt_system_heap_init)
    __arm_cp.0_0                             0x000021d4   Number         4  mem.o(.text.rt_system_heap_init)
    __arm_cp.0_1                             0x000021d8   Number         4  mem.o(.text.rt_system_heap_init)
    __arm_cp.0_2                             0x000021dc   Number         4  mem.o(.text.rt_system_heap_init)
    __arm_cp.0_3                             0x000021e0   Number         4  mem.o(.text.rt_system_heap_init)
    __arm_cp.0_4                             0x000021e4   Number         4  mem.o(.text.rt_system_heap_init)
    __arm_cp.0_6                             0x000021f0   Number         4  mem.o(.text.rt_system_heap_init)
    [Anonymous Symbol]                       0x000021f4   Section        0  scheduler.o(.text.rt_system_scheduler_init)
    __arm_cp.0_0                             0x00002224   Number         4  scheduler.o(.text.rt_system_scheduler_init)
    __arm_cp.0_3                             0x00002228   Number         4  scheduler.o(.text.rt_system_scheduler_init)
    [Anonymous Symbol]                       0x0000222c   Section        0  scheduler.o(.text.rt_system_scheduler_start)
    __arm_cp.2_0                             0x00002250   Number         4  scheduler.o(.text.rt_system_scheduler_start)
    __arm_cp.2_1                             0x00002254   Number         4  scheduler.o(.text.rt_system_scheduler_start)
    [Anonymous Symbol]                       0x00002258   Section        0  timer.o(.text.rt_system_timer_init)
    __arm_cp.16_0                            0x00002264   Number         4  timer.o(.text.rt_system_timer_init)
    [Anonymous Symbol]                       0x00002268   Section        0  timer.o(.text.rt_system_timer_thread_init)
    [Anonymous Symbol]                       0x0000226a   Section        0  thread.o(.text.rt_thread_create)
    [Anonymous Symbol]                       0x000022b4   Section        0  thread.o(.text.rt_thread_exit)
    __arm_cp.0_0                             0x00002300   Number         4  thread.o(.text.rt_thread_exit)
    rt_thread_idle_entry                     0x00002305   Thumb Code     6  idle.o(.text.rt_thread_idle_entry)
    [Anonymous Symbol]                       0x00002304   Section        0  idle.o(.text.rt_thread_idle_entry)
    [Anonymous Symbol]                       0x0000230c   Section        0  idle.o(.text.rt_thread_idle_excute)
    __arm_cp.0_0                             0x00002344   Number         4  idle.o(.text.rt_thread_idle_excute)
    [Anonymous Symbol]                       0x00002348   Section        0  idle.o(.text.rt_thread_idle_init)
    __arm_cp.3_0                             0x00002378   Number         4  idle.o(.text.rt_thread_idle_init)
    __arm_cp.3_1                             0x0000237c   Number         4  idle.o(.text.rt_thread_idle_init)
    __arm_cp.3_3                             0x00002388   Number         4  idle.o(.text.rt_thread_idle_init)
    [Anonymous Symbol]                       0x0000238c   Section        0  thread.o(.text.rt_thread_init)
    [Anonymous Symbol]                       0x000023bc   Section        0  thread.o(.text.rt_thread_mdelay)
    [Anonymous Symbol]                       0x000023ca   Section        0  thread.o(.text.rt_thread_resume)
    [Anonymous Symbol]                       0x00002408   Section        0  thread.o(.text.rt_thread_self)
    [Anonymous Symbol]                       0x00002410   Section        0  thread.o(.text.rt_thread_sleep)
    [Anonymous Symbol]                       0x00002454   Section        0  thread.o(.text.rt_thread_startup)
    [Anonymous Symbol]                       0x0000247e   Section        0  thread.o(.text.rt_thread_suspend)
    [Anonymous Symbol]                       0x000024c4   Section        0  thread.o(.text.rt_thread_timeout)
    [Anonymous Symbol]                       0x000024e4   Section        0  thread.o(.text.rt_thread_yield)
    __arm_cp.11_0                            0x00002538   Number         4  thread.o(.text.rt_thread_yield)
    __arm_cp.11_1                            0x0000253c   Number         4  thread.o(.text.rt_thread_yield)
    [Anonymous Symbol]                       0x00002540   Section        0  clock.o(.text.rt_tick_from_millisecond)
    __arm_cp.4_0                             0x00002570   Number         4  clock.o(.text.rt_tick_from_millisecond)
    [Anonymous Symbol]                       0x00002574   Section        0  clock.o(.text.rt_tick_get)
    [Anonymous Symbol]                       0x0000257c   Section        0  clock.o(.text.rt_tick_increase)
    __arm_cp.3_0                             0x000025a8   Number         4  clock.o(.text.rt_tick_increase)
    [Anonymous Symbol]                       0x000025ac   Section        0  timer.o(.text.rt_timer_check)
    [Anonymous Symbol]                       0x00002654   Section        0  timer.o(.text.rt_timer_control)
    [Anonymous Symbol]                       0x000026aa   Section        0  timer.o(.text.rt_timer_detach)
    [Anonymous Symbol]                       0x000026d2   Section        0  timer.o(.text.rt_timer_init)
    [Anonymous Symbol]                       0x000026f8   Section        0  timer.o(.text.rt_timer_start)
    __arm_cp.6_0                             0x00002768   Number         4  timer.o(.text.rt_timer_start)
    __arm_cp.6_1                             0x0000276c   Number         4  timer.o(.text.rt_timer_start)
    __arm_cp.6_2                             0x00002770   Number         4  timer.o(.text.rt_timer_start)
    [Anonymous Symbol]                       0x00002774   Section        0  timer.o(.text.rt_timer_stop)
    rti_board_end                            0x000027a3   Thumb Code     4  components.o(.text.rti_board_end)
    [Anonymous Symbol]                       0x000027a2   Section        0  components.o(.text.rti_board_end)
    rti_board_start                          0x000027a7   Thumb Code     4  components.o(.text.rti_board_start)
    [Anonymous Symbol]                       0x000027a6   Section        0  components.o(.text.rti_board_start)
    rti_end                                  0x000027ab   Thumb Code     4  components.o(.text.rti_end)
    [Anonymous Symbol]                       0x000027aa   Section        0  components.o(.text.rti_end)
    rti_start                                0x000027af   Thumb Code     4  components.o(.text.rti_start)
    [Anonymous Symbol]                       0x000027ae   Section        0  components.o(.text.rti_start)
    [Anonymous Symbol]                       0x000027b2   Section        0  components.o(.text.rtthread_startup)
    shell_auto_complete                      0x000027dd   Thumb Code    20  shell.o(.text.shell_auto_complete)
    [Anonymous Symbol]                       0x000027dc   Section        0  shell.o(.text.shell_auto_complete)
    str_common                               0x000027f1   Thumb Code    36  msh.o(.text.str_common)
    [Anonymous Symbol]                       0x000027f0   Section        0  msh.o(.text.str_common)
    [Anonymous Symbol]                       0x00002814   Section        0  cmd.o(.text.version)
    .text_divfast                            0x0000281e   Section      502  aeabi_sdivfast.o(.text_divfast)
    .L.str                                   0x00002d58   Data           7  msh.o(.rodata.str1.1)
    [Anonymous Symbol]                       0x00002d58   Section        0  msh.o(.rodata.str1.1)
    __tagsym$$used.0                         0x00002d60   Number         0  components.o(.rti_fn.0)
    __tagsym$$used.1                         0x00002d64   Number         0  components.o(.rti_fn.0.end)
    __tagsym$$used.2                         0x00002d68   Number         0  components.o(.rti_fn.1.end)
    __tagsym$$used.0                         0x00002d6c   Number         0  shell.o(.rti_fn.6)
    __tagsym$$used.3                         0x00002d70   Number         0  components.o(.rti_fn.6.end)
    __tagsym$$used.0                         0x00002d74   Number         0  cmd.o(FSymTab)
    __tagsym$$used.1                         0x00002d80   Number         0  cmd.o(FSymTab)
    __tagsym$$used.2                         0x00002d8c   Number         0  cmd.o(FSymTab)
    __tagsym$$used.3                         0x00002d98   Number         0  cmd.o(FSymTab)
    __tagsym$$used.4                         0x00002da4   Number         0  cmd.o(FSymTab)
    __tagsym$$used.5                         0x00002db0   Number         0  cmd.o(FSymTab)
    __tagsym$$used.6                         0x00002dbc   Number         0  cmd.o(FSymTab)
    __tagsym$$used.7                         0x00002dc8   Number         0  cmd.o(FSymTab)
    __tagsym$$used.8                         0x00002dd4   Number         0  cmd.o(FSymTab)
    __tagsym$$used.9                         0x00002de0   Number         0  cmd.o(FSymTab)
    __tagsym$$used.10                        0x00002dec   Number         0  cmd.o(FSymTab)
    __tagsym$$used.11                        0x00002df8   Number         0  cmd.o(FSymTab)
    __tagsym$$used.0                         0x00002e04   Number         0  msh.o(FSymTab)
    __tagsym$$used.1                         0x00002e10   Number         0  msh.o(FSymTab)
    __tagsym$$used.2                         0x00002e1c   Number         0  msh.o(FSymTab)
    __tagsym$$used.0                         0x00002e28   Number         0  mem.o(FSymTab)
    rt_object_container                      0x20000004   Data          64  object.o(.data.rt_object_container)
    [Anonymous Symbol]                       0x20000004   Section        0  object.o(.data.rt_object_container)
    .bss                                     0x20000048   Section       96  libspace.o(.bss)
    heap_end                                 0x200000b0   Data           4  mem.o(.bss.heap_end)
    [Anonymous Symbol]                       0x200000b0   Section        0  mem.o(.bss.heap_end)
    heap_ptr                                 0x200000b4   Data           4  mem.o(.bss.heap_ptr)
    [Anonymous Symbol]                       0x200000b4   Section        0  mem.o(.bss.heap_ptr)
    heap_sem                                 0x200000b8   Data          32  mem.o(.bss.heap_sem)
    [Anonymous Symbol]                       0x200000b8   Section        0  mem.o(.bss.heap_sem)
    idle                                     0x200000d8   Data         120  idle.o(.bss.idle)
    [Anonymous Symbol]                       0x200000d8   Section        0  idle.o(.bss.idle)
    led1_Thread                              0x20000150   Data           4  main.o(.bss.led1_Thread)
    [Anonymous Symbol]                       0x20000150   Section        0  main.o(.bss.led1_Thread)
    led2_Thread                              0x20000154   Data           4  main.o(.bss.led2_Thread)
    [Anonymous Symbol]                       0x20000154   Section        0  main.o(.bss.led2_Thread)
    lfree                                    0x20000158   Data           4  mem.o(.bss.lfree)
    [Anonymous Symbol]                       0x20000158   Section        0  mem.o(.bss.lfree)
    max_mem                                  0x2000015c   Data           4  mem.o(.bss.max_mem)
    [Anonymous Symbol]                       0x2000015c   Section        0  mem.o(.bss.max_mem)
    mem_size_aligned                         0x20000160   Data           4  mem.o(.bss.mem_size_aligned)
    [Anonymous Symbol]                       0x20000160   Section        0  mem.o(.bss.mem_size_aligned)
    rt_heap                                  0x2000016c   Data       20480  board.o(.bss.rt_heap)
    [Anonymous Symbol]                       0x2000016c   Section        0  board.o(.bss.rt_heap)
    rt_scheduler_lock_nest                   0x20005178   Data           2  scheduler.o(.bss.rt_scheduler_lock_nest)
    [Anonymous Symbol]                       0x20005178   Section        0  scheduler.o(.bss.rt_scheduler_lock_nest)
    rt_thread_stack                          0x20005288   Data         256  idle.o(.bss.rt_thread_stack)
    [Anonymous Symbol]                       0x20005288   Section        0  idle.o(.bss.rt_thread_stack)
    rt_tick                                  0x2000538c   Data           4  clock.o(.bss.rt_tick)
    [Anonymous Symbol]                       0x2000538c   Section        0  clock.o(.bss.rt_tick)
    rt_timer_list                            0x20005390   Data           8  timer.o(.bss.rt_timer_list)
    [Anonymous Symbol]                       0x20005390   Section        0  timer.o(.bss.rt_timer_list)
    rt_timer_start.random_nr                 0x20005398   Data           4  timer.o(.bss.rt_timer_start.random_nr)
    [Anonymous Symbol]                       0x20005398   Section        0  timer.o(.bss.rt_timer_start.random_nr)
    used_mem                                 0x200053a0   Data           4  mem.o(.bss.used_mem)
    [Anonymous Symbol]                       0x200053a0   Section        0  mem.o(.bss.used_mem)
    Heap_Mem                                 0x200053a8   Data        2048  startup_fm33lg0xx.o(HEAP)
    HEAP                                     0x200053a8   Section     2048  startup_fm33lg0xx.o(HEAP)
    Stack_Mem                                0x20005ba8   Data        2048  startup_fm33lg0xx.o(STACK)
    STACK                                    0x20005ba8   Section     2048  startup_fm33lg0xx.o(STACK)
    __initial_sp                             0x200063a8   Data           0  startup_fm33lg0xx.o(STACK)

    Global Symbols

    Symbol Name                              Value     Ov Type        Size  Object(Section)

    BuildAttributes$$THM_ISAv3M$S$PE$A:L22$X:L11$S22$IEEE1$IW$~IW$USESV6$~STKCKD$USESV7$WCHAR32$ENUMINT$~SHL$OTIME$ROPI$EBA8$UX$STANDARDLIB$REQ8$PRES8$EABIv2 0x00000000   Number         0  anon$$obj.o ABSOLUTE
    __Vectors                                0x00000000   Data           4  startup_fm33lg0xx.o(RESET)
    __ARM_exceptions_init                     - Undefined Weak Reference
    __alloca_initialize                       - Undefined Weak Reference
    __arm_preinit_                            - Undefined Weak Reference
    __cpp_initialize__aeabi_                  - Undefined Weak Reference
    __cxa_finalize                            - Undefined Weak Reference
    __rt_locale                               - Undefined Weak Reference
    __sigvec_lookup                           - Undefined Weak Reference
    _atexit_init                              - Undefined Weak Reference
    _call_atexit_fns                          - Undefined Weak Reference
    _clock_init                               - Undefined Weak Reference
    _fp_trap_init                             - Undefined Weak Reference
    _fp_trap_shutdown                         - Undefined Weak Reference
    _get_lc_collate                           - Undefined Weak Reference
    _get_lc_ctype                             - Undefined Weak Reference
    _get_lc_monetary                          - Undefined Weak Reference
    _get_lc_numeric                           - Undefined Weak Reference
    _get_lc_time                              - Undefined Weak Reference
    _getenv_init                              - Undefined Weak Reference
    _handle_redirection                       - Undefined Weak Reference
    _init_alloc                               - Undefined Weak Reference
    _init_user_alloc                          - Undefined Weak Reference
    _initio                                   - Undefined Weak Reference
    _rand_init                                - Undefined Weak Reference
    _signal_finish                            - Undefined Weak Reference
    _signal_init                              - Undefined Weak Reference
    _terminate_alloc                          - Undefined Weak Reference
    _terminate_user_alloc                     - Undefined Weak Reference
    _terminateio                              - Undefined Weak Reference
    __Vectors_End                            0x000000c0   Data           0  startup_fm33lg0xx.o(RESET)
    __Vectors_Size                           0x000000c0   Number         0  startup_fm33lg0xx.o ABSOLUTE
    __main                                   0x000000c1   Thumb Code     8  __main.o(!!!main)
    __scatterload                            0x000000c9   Thumb Code     0  __scatter.o(!!!scatter)
    __scatterload_rt2                        0x000000c9   Thumb Code    52  __scatter.o(!!!scatter)
    __scatterload_rt2_thumb_only             0x000000c9   Thumb Code     0  __scatter.o(!!!scatter)
    __scatterload_null                       0x000000d9   Thumb Code     0  __scatter.o(!!!scatter)
    __scatterload_copy                       0x00000105   Thumb Code    26  __scatter_copy.o(!!handler_copy)
    __scatterload_zeroinit                   0x00000121   Thumb Code    28  __scatter_zi.o(!!handler_zi)
    __rt_lib_init                            0x0000013d   Thumb Code     0  libinit.o(.ARM.Collect$$libinit$$00000000)
    __rt_lib_init_alloca_1                   0x0000013f   Thumb Code     0  libinit2.o(.ARM.Collect$$libinit$$0000002E)
    __rt_lib_init_argv_1                     0x0000013f   Thumb Code     0  libinit2.o(.ARM.Collect$$libinit$$0000002C)
    __rt_lib_init_atexit_1                   0x0000013f   Thumb Code     0  libinit2.o(.ARM.Collect$$libinit$$0000001B)
    __rt_lib_init_clock_1                    0x0000013f   Thumb Code     0  libinit2.o(.ARM.Collect$$libinit$$00000021)
    __rt_lib_init_cpp_1                      0x0000013f   Thumb Code     0  libinit2.o(.ARM.Collect$$libinit$$00000032)
    __rt_lib_init_exceptions_1               0x0000013f   Thumb Code     0  libinit2.o(.ARM.Collect$$libinit$$00000030)
    __rt_lib_init_fp_1                       0x0000013f   Thumb Code     0  libinit2.o(.ARM.Collect$$libinit$$00000002)
    __rt_lib_init_fp_trap_1                  0x0000013f   Thumb Code     0  libinit2.o(.ARM.Collect$$libinit$$0000001F)
    __rt_lib_init_getenv_1                   0x0000013f   Thumb Code     0  libinit2.o(.ARM.Collect$$libinit$$00000023)
    __rt_lib_init_heap_1                     0x0000013f   Thumb Code     0  libinit2.o(.ARM.Collect$$libinit$$0000000A)
    __rt_lib_init_lc_collate_1               0x0000013f   Thumb Code     0  libinit2.o(.ARM.Collect$$libinit$$00000011)
    __rt_lib_init_lc_ctype_1                 0x0000013f   Thumb Code     0  libinit2.o(.ARM.Collect$$libinit$$00000013)
    __rt_lib_init_lc_monetary_1              0x0000013f   Thumb Code     0  libinit2.o(.ARM.Collect$$libinit$$00000015)
    __rt_lib_init_lc_numeric_1               0x0000013f   Thumb Code     0  libinit2.o(.ARM.Collect$$libinit$$00000017)
    __rt_lib_init_lc_time_1                  0x0000013f   Thumb Code     0  libinit2.o(.ARM.Collect$$libinit$$00000019)
    __rt_lib_init_preinit_1                  0x0000013f   Thumb Code     0  libinit2.o(.ARM.Collect$$libinit$$00000004)
    __rt_lib_init_rand_1                     0x0000013f   Thumb Code     0  libinit2.o(.ARM.Collect$$libinit$$0000000E)
    __rt_lib_init_return                     0x0000013f   Thumb Code     0  libinit2.o(.ARM.Collect$$libinit$$00000033)
    __rt_lib_init_signal_1                   0x0000013f   Thumb Code     0  libinit2.o(.ARM.Collect$$libinit$$0000001D)
    __rt_lib_init_stdio_1                    0x0000013f   Thumb Code     0  libinit2.o(.ARM.Collect$$libinit$$00000025)
    __rt_lib_init_user_alloc_1               0x0000013f   Thumb Code     0  libinit2.o(.ARM.Collect$$libinit$$0000000C)
    __rt_lib_shutdown                        0x00000141   Thumb Code     0  libshutdown.o(.ARM.Collect$$libshutdown$$00000000)
    __rt_lib_shutdown_cpp_1                  0x00000143   Thumb Code     0  libshutdown2.o(.ARM.Collect$$libshutdown$$00000002)
    __rt_lib_shutdown_fp_trap_1              0x00000143   Thumb Code     0  libshutdown2.o(.ARM.Collect$$libshutdown$$00000007)
    __rt_lib_shutdown_heap_1                 0x00000143   Thumb Code     0  libshutdown2.o(.ARM.Collect$$libshutdown$$0000000F)
    __rt_lib_shutdown_return                 0x00000143   Thumb Code     0  libshutdown2.o(.ARM.Collect$$libshutdown$$00000010)
    __rt_lib_shutdown_signal_1               0x00000143   Thumb Code     0  libshutdown2.o(.ARM.Collect$$libshutdown$$0000000A)
    __rt_lib_shutdown_stdio_1                0x00000143   Thumb Code     0  libshutdown2.o(.ARM.Collect$$libshutdown$$00000004)
    __rt_lib_shutdown_user_alloc_1           0x00000143   Thumb Code     0  libshutdown2.o(.ARM.Collect$$libshutdown$$0000000C)
    __rt_entry                               0x00000145   Thumb Code     0  __rtentry.o(.ARM.Collect$$rtentry$$00000000)
    __rt_entry_presh_1                       0x00000145   Thumb Code     0  __rtentry2.o(.ARM.Collect$$rtentry$$00000002)
    __rt_entry_sh                            0x00000145   Thumb Code     0  __rtentry4.o(.ARM.Collect$$rtentry$$00000004)
    __rt_entry_li                            0x0000014b   Thumb Code     0  __rtentry2.o(.ARM.Collect$$rtentry$$0000000A)
    __rt_entry_postsh_1                      0x0000014b   Thumb Code     0  __rtentry2.o(.ARM.Collect$$rtentry$$00000009)
    __rt_entry_main                          0x0000014f   Thumb Code     0  __rtentry2.o(.ARM.Collect$$rtentry$$0000000D)
    __rt_entry_postli_1                      0x0000014f   Thumb Code     0  __rtentry2.o(.ARM.Collect$$rtentry$$0000000C)
    __rt_exit                                0x00000157   Thumb Code     0  rtexit.o(.ARM.Collect$$rtexit$$00000000)
    __rt_exit_ls                             0x00000159   Thumb Code     0  rtexit2.o(.ARM.Collect$$rtexit$$00000003)
    __rt_exit_prels_1                        0x00000159   Thumb Code     0  rtexit2.o(.ARM.Collect$$rtexit$$00000002)
    __rt_exit_exit                           0x0000015d   Thumb Code     0  rtexit2.o(.ARM.Collect$$rtexit$$00000004)
    Reset_Handler                            0x00000165   Thumb Code     8  startup_fm33lg0xx.o(.text)
    NMI_Handler                              0x0000016d   Thumb Code     2  startup_fm33lg0xx.o(.text)
    SVC_Handler                              0x00000171   Thumb Code     2  startup_fm33lg0xx.o(.text)
    ADC_IRQHandler                           0x00000177   Thumb Code     0  startup_fm33lg0xx.o(.text)
    AES_IRQHandler                           0x00000177   Thumb Code     0  startup_fm33lg0xx.o(.text)
    ATIM_IRQHandler                          0x00000177   Thumb Code     0  startup_fm33lg0xx.o(.text)
    BSTIM_IRQHandler                         0x00000177   Thumb Code     0  startup_fm33lg0xx.o(.text)
    CAN_IRQHandler                           0x00000177   Thumb Code     0  startup_fm33lg0xx.o(.text)
    CCL_IRQHandler                           0x00000177   Thumb Code     0  startup_fm33lg0xx.o(.text)
    COMPx_IRQHandler                         0x00000177   Thumb Code     0  startup_fm33lg0xx.o(.text)
    DAC_IRQHandler                           0x00000177   Thumb Code     0  startup_fm33lg0xx.o(.text)
    DMA_IRQHandler                           0x00000177   Thumb Code     0  startup_fm33lg0xx.o(.text)
    FDET_IRQHandler                          0x00000177   Thumb Code     0  startup_fm33lg0xx.o(.text)
    FLASH_IRQHandler                         0x00000177   Thumb Code     0  startup_fm33lg0xx.o(.text)
    GPIO_IRQHandler                          0x00000177   Thumb Code     0  startup_fm33lg0xx.o(.text)
    GPTIM0_1_IRQHandler                      0x00000177   Thumb Code     0  startup_fm33lg0xx.o(.text)
    GPTIM2_IRQHandler                        0x00000177   Thumb Code     0  startup_fm33lg0xx.o(.text)
    I2C_IRQHandler                           0x00000177   Thumb Code     0  startup_fm33lg0xx.o(.text)
    LPTIM_IRQHandler                         0x00000177   Thumb Code     0  startup_fm33lg0xx.o(.text)
    LPUARTx_IRQHandler                       0x00000177   Thumb Code     0  startup_fm33lg0xx.o(.text)
    LUT_IRQHandler                           0x00000177   Thumb Code     0  startup_fm33lg0xx.o(.text)
    RTC_IRQHandler                           0x00000177   Thumb Code     0  startup_fm33lg0xx.o(.text)
    SPI0_IRQHandler                          0x00000177   Thumb Code     0  startup_fm33lg0xx.o(.text)
    SPI1_IRQHandler                          0x00000177   Thumb Code     0  startup_fm33lg0xx.o(.text)
    SPI2_IRQHandler                          0x00000177   Thumb Code     0  startup_fm33lg0xx.o(.text)
    SVD_IRQHandler                           0x00000177   Thumb Code     0  startup_fm33lg0xx.o(.text)
    U7816_IRQHandler                         0x00000177   Thumb Code     0  startup_fm33lg0xx.o(.text)
    UART0_IRQHandler                         0x00000177   Thumb Code     0  startup_fm33lg0xx.o(.text)
    UART1_IRQHandler                         0x00000177   Thumb Code     0  startup_fm33lg0xx.o(.text)
    UART3_IRQHandler                         0x00000177   Thumb Code     0  startup_fm33lg0xx.o(.text)
    UART4_IRQHandler                         0x00000177   Thumb Code     0  startup_fm33lg0xx.o(.text)
    UART5_IRQHandler                         0x00000177   Thumb Code     0  startup_fm33lg0xx.o(.text)
    VREF_IRQHandler                          0x00000177   Thumb Code     0  startup_fm33lg0xx.o(.text)
    WDT_IRQHandler                           0x00000177   Thumb Code     0  startup_fm33lg0xx.o(.text)
    WKUPx_IRQHandler                         0x00000177   Thumb Code     0  startup_fm33lg0xx.o(.text)
    __user_initial_stackheap                 0x00000179   Thumb Code     0  startup_fm33lg0xx.o(.text)
    rt_hw_interrupt_disable                  0x0000019d   Thumb Code     8  context_rvds.o(.text)
    rt_hw_interrupt_enable                   0x000001a5   Thumb Code     6  context_rvds.o(.text)
    rt_hw_context_switch                     0x000001ab   Thumb Code    28  context_rvds.o(.text)
    rt_hw_context_switch_interrupt           0x000001ab   Thumb Code     0  context_rvds.o(.text)
    PendSV_Handler                           0x000001c7   Thumb Code    84  context_rvds.o(.text)
    rt_hw_context_switch_to                  0x0000021b   Thumb Code    44  context_rvds.o(.text)
    rt_hw_interrupt_thread_switch            0x00000247   Thumb Code     2  context_rvds.o(.text)
    HardFault_Handler                        0x00000249   Thumb Code    12  context_rvds.o(.text)
    strlen                                   0x00000275   Thumb Code    62  strlen.o(.text)
    strncmp                                  0x000002b9   Thumb Code   154  strncmp.o(.text)
    __aeabi_memset                           0x00000359   Thumb Code    18  aeabi_memset.o(.text)
    _memset_w                                0x0000036b   Thumb Code    26  rt_memclr.o(.text)
    _memset                                  0x00000385   Thumb Code    30  rt_memclr.o(.text)
    __aeabi_memclr                           0x000003a3   Thumb Code     4  rt_memclr.o(.text)
    __rt_memclr                              0x000003a3   Thumb Code     0  rt_memclr.o(.text)
    __aeabi_memclr4                          0x000003a7   Thumb Code     0  rt_memclr.o(.text)
    __aeabi_memclr8                          0x000003a7   Thumb Code     0  rt_memclr.o(.text)
    __rt_memclr_w                            0x000003a7   Thumb Code     4  rt_memclr.o(.text)
    __aeabi_uidivmod                         0x000003ad   Thumb Code    28  aeabi_sdivfast.o(.text)
    __aeabi_idivmod                          0x000003c9   Thumb Code   472  aeabi_sdivfast.o(.text)
    __use_two_region_memory                  0x000005a5   Thumb Code     2  heapauxi.o(.text)
    __rt_heap_escrow$2region                 0x000005a7   Thumb Code     2  heapauxi.o(.text)
    __rt_heap_expand$2region                 0x000005a9   Thumb Code     2  heapauxi.o(.text)
    __user_setup_stackheap                   0x000005ab   Thumb Code    62  sys_stackheap_outer.o(.text)
    exit                                     0x000005e9   Thumb Code    16  exit.o(.text)
    __user_libspace                          0x000005f9   Thumb Code     8  libspace.o(.text)
    __user_perproc_libspace                  0x000005f9   Thumb Code     0  libspace.o(.text)
    __user_perthread_libspace                0x000005f9   Thumb Code     0  libspace.o(.text)
    main                                     0x00000601   Thumb Code    10  components.o(.text.$Sub$$main)
    DebugUartInit                            0x0000060d   Thumb Code    92  user_init.o(.text.DebugUartInit)
    FL_CMU_GetAHBClockFreq                   0x000006b1   Thumb Code    70  fm33lg0xx_fl_cmu.o(.text.FL_CMU_GetAHBClockFreq)
    FL_CMU_GetAPBClockFreq                   0x00000705   Thumb Code    70  fm33lg0xx_fl_cmu.o(.text.FL_CMU_GetAPBClockFreq)
    FL_CMU_GetPLLClockFreq                   0x00000759   Thumb Code   104  fm33lg0xx_fl_cmu.o(.text.FL_CMU_GetPLLClockFreq)
    FL_CMU_GetRCHFClockFreq                  0x000007c1   Thumb Code    32  fm33lg0xx_fl_cmu.o(.text.FL_CMU_GetRCHFClockFreq)
    FL_CMU_GetRCLFClockFreq                  0x000007e1   Thumb Code    44  fm33lg0xx_fl_cmu.o(.text.FL_CMU_GetRCLFClockFreq)
    FL_CMU_GetSystemClockFreq                0x0000080d   Thumb Code    68  fm33lg0xx_fl_cmu.o(.text.FL_CMU_GetSystemClockFreq)
    FL_DelayInit                             0x000008cd   Thumb Code    24  fm33lg0xx_fl.o(.text.FL_DelayInit)
    FL_GPIO_Init                             0x0000096d   Thumb Code   300  fm33lg0xx_fl_gpio.o(.text.FL_GPIO_Init)
    FL_Init                                  0x00000af1   Thumb Code     8  fm33lg0xx_fl.o(.text.FL_Init)
    FL_UART_Init                             0x00000b85   Thumb Code   444  fm33lg0xx_fl_uart.o(.text.FL_UART_Init)
    FoutInit                                 0x00000d79   Thumb Code    44  user_init.o(.text.FoutInit)
    Led1Init                                 0x00000da5   Thumb Code    84  user_init.o(.text.Led1Init)
    Led2Init                                 0x00000df9   Thumb Code    88  user_init.o(.text.Led2Init)
    MF_Clock_Init                            0x00000e51   Thumb Code    20  mf_config.o(.text.MF_Clock_Init)
    MF_Config_Init                           0x00000e65   Thumb Code     2  mf_config.o(.text.MF_Config_Init)
    MF_SystemClock_Config                    0x00000e67   Thumb Code     2  mf_config.o(.text.MF_SystemClock_Config)
    SysTick_Handler                          0x00000e81   Thumb Code     8  board.o(.text.SysTick_Handler)
    SystemInit                               0x00000e89   Thumb Code   200  system_fm33lg0xx.o(.text.SystemInit)
    UserInit                                 0x00000f51   Thumb Code    16  user_init.o(.text.UserInit)
    __rt_ffs                                 0x00000f81   Thumb Code    60  kservice.o(.text.__rt_ffs)
    _sys_exit                                0x000010cb   Thumb Code     2  user_init.o(.text._sys_exit)
    cmd_free                                 0x000010e9   Thumb Code    10  msh.o(.text.cmd_free)
    cmd_ps                                   0x000010f3   Thumb Code    10  msh.o(.text.cmd_ps)
    finsh_set_prompt_mode                    0x00001105   Thumb Code    24  shell.o(.text.finsh_set_prompt_mode)
    finsh_system_function_init               0x0000111d   Thumb Code    20  shell.o(.text.finsh_system_function_init)
    finsh_system_init                        0x00001131   Thumb Code   124  shell.o(.text.finsh_system_init)
    finsh_thread_entry                       0x000011ad   Thumb Code   700  shell.o(.text.finsh_thread_entry)
    hello                                    0x00001469   Thumb Code     4  cmd.o(.text.hello)
    list                                     0x00001489   Thumb Code     4  cmd.o(.text.list)
    list_mailbox                             0x00001513   Thumb Code    64  cmd.o(.text.list_mailbox)
    list_mem                                 0x00001553   Thumb Code     2  mem.o(.text.list_mem)
    list_sem                                 0x00001555   Thumb Code    64  cmd.o(.text.list_sem)
    list_thread                              0x00001595   Thumb Code   102  cmd.o(.text.list_thread)
    list_timer                               0x000015fb   Thumb Code    64  cmd.o(.text.list_timer)
    $Super$$main                             0x0000163d   Thumb Code   136  main.o(.text.main)
    main_thread_entry                        0x000016c5   Thumb Code    12  components.o(.text.main_thread_entry)
    msh_auto_complete                        0x000016d1   Thumb Code   140  msh.o(.text.msh_auto_complete)
    msh_exec                                 0x0000175d   Thumb Code    70  msh.o(.text.msh_exec)
    msh_help                                 0x0000180d   Thumb Code     4  msh.o(.text.msh_help)
    msh_is_used                              0x00001811   Thumb Code     4  msh.o(.text.msh_is_used)
    rt_application_init                      0x00001951   Thumb Code    48  components.o(.text.rt_application_init)
    rt_calloc                                0x00001981   Thumb Code    32  mem.o(.text.rt_calloc)
    rt_components_board_init                 0x000019a1   Thumb Code    24  components.o(.text.rt_components_board_init)
    rt_components_init                       0x000019b9   Thumb Code    28  components.o(.text.rt_components_init)
    rt_enter_critical                        0x000019d5   Thumb Code    20  scheduler.o(.text.rt_enter_critical)
    rt_exit_critical                         0x000019e9   Thumb Code    56  scheduler.o(.text.rt_exit_critical)
    rt_free                                  0x00001a21   Thumb Code   100  mem.o(.text.rt_free)
    rt_heap_begin_get                        0x00001a85   Thumb Code     4  board.o(.text.rt_heap_begin_get)
    rt_heap_end_get                          0x00001a89   Thumb Code    16  board.o(.text.rt_heap_end_get)
    rt_hw_board_init                         0x00001a99   Thumb Code    48  board.o(.text.rt_hw_board_init)
    rt_hw_console_getchar                    0x00001ac9   Thumb Code    54  main.o(.text.rt_hw_console_getchar)
    rt_hw_hard_fault_exception               0x00001aff   Thumb Code     6  cpuport.o(.text.rt_hw_hard_fault_exception)
    rt_hw_stack_init                         0x00001b05   Thumb Code    60  cpuport.o(.text.rt_hw_stack_init)
    rt_interrupt_enter                       0x00001b41   Thumb Code    20  irq.o(.text.rt_interrupt_enter)
    rt_interrupt_leave                       0x00001b55   Thumb Code    24  irq.o(.text.rt_interrupt_leave)
    rt_malloc                                0x00001ca9   Thumb Code   336  mem.o(.text.rt_malloc)
    rt_memmove                               0x00001df9   Thumb Code    50  kservice.o(.text.rt_memmove)
    rt_memset                                0x00001e2b   Thumb Code    76  kservice.o(.text.rt_memset)
    rt_object_allocate                       0x00001e77   Thumb Code    84  object.o(.text.rt_object_allocate)
    rt_object_delete                         0x00001ecb   Thumb Code    36  object.o(.text.rt_object_delete)
    rt_object_detach                         0x00001eef   Thumb Code    30  object.o(.text.rt_object_detach)
    rt_object_get_information                0x00001f0d   Thumb Code    28  object.o(.text.rt_object_get_information)
    rt_object_init                           0x00001f29   Thumb Code    78  object.o(.text.rt_object_init)
    rt_object_is_systemobject                0x00001f77   Thumb Code     6  object.o(.text.rt_object_is_systemobject)
    rt_os_tick_callback                      0x00001f7d   Thumb Code    16  board.o(.text.rt_os_tick_callback)
    rt_schedule                              0x00001f8d   Thumb Code    88  scheduler.o(.text.rt_schedule)
    rt_schedule_insert_thread                0x00001fe5   Thumb Code    60  scheduler.o(.text.rt_schedule_insert_thread)
    rt_schedule_remove_thread                0x00002021   Thumb Code    56  scheduler.o(.text.rt_schedule_remove_thread)
    rt_sem_init                              0x00002059   Thumb Code    30  ipc.o(.text.rt_sem_init)
    rt_sem_release                           0x00002079   Thumb Code    88  ipc.o(.text.rt_sem_release)
    rt_sem_take                              0x000020d1   Thumb Code   122  ipc.o(.text.rt_sem_take)
    rt_show_version                          0x0000214b   Thumb Code     2  kservice.o(.text.rt_show_version)
    rt_strncpy                               0x0000214d   Thumb Code    52  kservice.o(.text.rt_strncpy)
    rt_system_heap_init                      0x00002181   Thumb Code   116  mem.o(.text.rt_system_heap_init)
    rt_system_scheduler_init                 0x000021f5   Thumb Code    56  scheduler.o(.text.rt_system_scheduler_init)
    rt_system_scheduler_start                0x0000222d   Thumb Code    44  scheduler.o(.text.rt_system_scheduler_start)
    rt_system_timer_init                     0x00002259   Thumb Code    16  timer.o(.text.rt_system_timer_init)
    rt_system_timer_thread_init              0x00002269   Thumb Code     2  timer.o(.text.rt_system_timer_thread_init)
    rt_thread_create                         0x0000226b   Thumb Code    74  thread.o(.text.rt_thread_create)
    rt_thread_exit                           0x000022b5   Thumb Code    80  thread.o(.text.rt_thread_exit)
    rt_thread_idle_excute                    0x0000230d   Thumb Code    60  idle.o(.text.rt_thread_idle_excute)
    rt_thread_idle_init                      0x00002349   Thumb Code    68  idle.o(.text.rt_thread_idle_init)
    rt_thread_init                           0x0000238d   Thumb Code    48  thread.o(.text.rt_thread_init)
    rt_thread_mdelay                         0x000023bd   Thumb Code    14  thread.o(.text.rt_thread_mdelay)
    rt_thread_resume                         0x000023cb   Thumb Code    60  thread.o(.text.rt_thread_resume)
    rt_thread_self                           0x00002409   Thumb Code     8  thread.o(.text.rt_thread_self)
    rt_thread_sleep                          0x00002411   Thumb Code    68  thread.o(.text.rt_thread_sleep)
    rt_thread_startup                        0x00002455   Thumb Code    42  thread.o(.text.rt_thread_startup)
    rt_thread_suspend                        0x0000247f   Thumb Code    70  thread.o(.text.rt_thread_suspend)
    rt_thread_timeout                        0x000024c5   Thumb Code    30  thread.o(.text.rt_thread_timeout)
    rt_thread_yield                          0x000024e5   Thumb Code    92  thread.o(.text.rt_thread_yield)
    rt_tick_from_millisecond                 0x00002541   Thumb Code    52  clock.o(.text.rt_tick_from_millisecond)
    rt_tick_get                              0x00002575   Thumb Code     8  clock.o(.text.rt_tick_get)
    rt_tick_increase                         0x0000257d   Thumb Code    48  clock.o(.text.rt_tick_increase)
    rt_timer_check                           0x000025ad   Thumb Code   168  timer.o(.text.rt_timer_check)
    rt_timer_control                         0x00002655   Thumb Code    86  timer.o(.text.rt_timer_control)
    rt_timer_detach                          0x000026ab   Thumb Code    40  timer.o(.text.rt_timer_detach)
    rt_timer_init                            0x000026d3   Thumb Code    38  timer.o(.text.rt_timer_init)
    rt_timer_start                           0x000026f9   Thumb Code   124  timer.o(.text.rt_timer_start)
    rt_timer_stop                            0x00002775   Thumb Code    46  timer.o(.text.rt_timer_stop)
    rtthread_startup                         0x000027b3   Thumb Code    42  components.o(.text.rtthread_startup)
    version                                  0x00002815   Thumb Code    10  cmd.o(.text.version)
    __aeabi_uidiv                            0x0000281f   Thumb Code    68  aeabi_sdivfast.o(.text_divfast)
    __aeabi_idiv                             0x00002863   Thumb Code   434  aeabi_sdivfast.o(.text_divfast)
    __lowest_bit_bitmap                      0x00002a14   Data         256  kservice.o(.rodata.__lowest_bit_bitmap)
    __fsym_hello_name                        0x00002b14   Data           6  cmd.o(.rodata.name)
    __fsym_hello_desc                        0x00002b1a   Data          16  cmd.o(.rodata.name)
    __fsym_version_name                      0x00002b2a   Data           8  cmd.o(.rodata.name)
    __fsym_version_desc                      0x00002b32   Data          35  cmd.o(.rodata.name)
    __fsym___cmd_version_name                0x00002b55   Data          14  cmd.o(.rodata.name)
    __fsym___cmd_version_desc                0x00002b63   Data          35  cmd.o(.rodata.name)
    __fsym_list_thread_name                  0x00002b86   Data          12  cmd.o(.rodata.name)
    __fsym_list_thread_desc                  0x00002b92   Data          12  cmd.o(.rodata.name)
    __fsym___cmd_list_thread_name            0x00002b9e   Data          18  cmd.o(.rodata.name)
    __fsym___cmd_list_thread_desc            0x00002bb0   Data          12  cmd.o(.rodata.name)
    __fsym_list_sem_name                     0x00002bbc   Data           9  cmd.o(.rodata.name)
    __fsym_list_sem_desc                     0x00002bc5   Data          25  cmd.o(.rodata.name)
    __fsym___cmd_list_sem_name               0x00002bde   Data          15  cmd.o(.rodata.name)
    __fsym___cmd_list_sem_desc               0x00002bed   Data          25  cmd.o(.rodata.name)
    __fsym_list_mailbox_name                 0x00002c06   Data          13  cmd.o(.rodata.name)
    __fsym_list_mailbox_desc                 0x00002c13   Data          24  cmd.o(.rodata.name)
    __fsym___cmd_list_mailbox_name           0x00002c2b   Data          19  cmd.o(.rodata.name)
    __fsym___cmd_list_mailbox_desc           0x00002c3e   Data          24  cmd.o(.rodata.name)
    __fsym_list_timer_name                   0x00002c56   Data          11  cmd.o(.rodata.name)
    __fsym_list_timer_desc                   0x00002c61   Data          21  cmd.o(.rodata.name)
    __fsym___cmd_list_timer_name             0x00002c76   Data          17  cmd.o(.rodata.name)
    __fsym___cmd_list_timer_desc             0x00002c87   Data          21  cmd.o(.rodata.name)
    __fsym_list_name                         0x00002c9c   Data           5  cmd.o(.rodata.name)
    __fsym_list_desc                         0x00002ca1   Data          26  cmd.o(.rodata.name)
    __fsym___cmd_help_name                   0x00002cbb   Data          11  msh.o(.rodata.name)
    __fsym___cmd_help_desc                   0x00002cc6   Data          22  msh.o(.rodata.name)
    __fsym___cmd_ps_name                     0x00002cdc   Data           9  msh.o(.rodata.name)
    __fsym___cmd_ps_desc                     0x00002ce5   Data          28  msh.o(.rodata.name)
    __fsym___cmd_free_name                   0x00002d01   Data          11  msh.o(.rodata.name)
    __fsym___cmd_free_desc                   0x00002d0c   Data          37  msh.o(.rodata.name)
    __fsym_list_mem_name                     0x00002d31   Data           9  mem.o(.rodata.name)
    __fsym_list_mem_desc                     0x00002d3a   Data          30  mem.o(.rodata.name)
    __rt_init_rti_start                      0x00002d60   Data           4  components.o(.rti_fn.0)
    __rt_init_rti_board_start                0x00002d64   Data           4  components.o(.rti_fn.0.end)
    __rt_init_rti_board_end                  0x00002d68   Data           4  components.o(.rti_fn.1.end)
    __rt_init_finsh_system_init              0x00002d6c   Data           4  shell.o(.rti_fn.6)
    __rt_init_rti_end                        0x00002d70   Data           4  components.o(.rti_fn.6.end)
    FSymTab$$Base                            0x00002d74   Number         0  cmd.o(FSymTab)
    __fsym_hello                             0x00002d74   Data          12  cmd.o(FSymTab)
    __fsym_version                           0x00002d80   Data          12  cmd.o(FSymTab)
    __fsym___cmd_version                     0x00002d8c   Data          12  cmd.o(FSymTab)
    __fsym_list_thread                       0x00002d98   Data          12  cmd.o(FSymTab)
    __fsym___cmd_list_thread                 0x00002da4   Data          12  cmd.o(FSymTab)
    __fsym_list_sem                          0x00002db0   Data          12  cmd.o(FSymTab)
    __fsym___cmd_list_sem                    0x00002dbc   Data          12  cmd.o(FSymTab)
    __fsym_list_mailbox                      0x00002dc8   Data          12  cmd.o(FSymTab)
    __fsym___cmd_list_mailbox                0x00002dd4   Data          12  cmd.o(FSymTab)
    __fsym_list_timer                        0x00002de0   Data          12  cmd.o(FSymTab)
    __fsym___cmd_list_timer                  0x00002dec   Data          12  cmd.o(FSymTab)
    __fsym_list                              0x00002df8   Data          12  cmd.o(FSymTab)
    __fsym___cmd_help                        0x00002e04   Data          12  msh.o(FSymTab)
    __fsym___cmd_ps                          0x00002e10   Data          12  msh.o(FSymTab)
    __fsym___cmd_free                        0x00002e1c   Data          12  msh.o(FSymTab)
    __fsym_list_mem                          0x00002e28   Data          12  mem.o(FSymTab)
    FSymTab$$Limit                           0x00002e34   Number         0  mem.o(FSymTab)
    Region$$Table$$Base                      0x00002e34   Number         0  anon$$obj.o(Region$$Table)
    Region$$Table$$Limit                     0x00002e54   Number         0  anon$$obj.o(Region$$Table)
    SystemCoreClock                          0x20000000   Data           4  system_fm33lg0xx.o(.data.SystemCoreClock)
    __libspace_start                         0x20000048   Data          96  libspace.o(.bss)
    __temporary_stack_top$libspace           0x200000a8   Data           0  libspace.o(.bss)
    _syscall_table_begin                     0x200000a8   Data           4  shell.o(.bss._syscall_table_begin)
    _syscall_table_end                       0x200000ac   Data           4  shell.o(.bss._syscall_table_end)
    rt_current_priority                      0x20000164   Data           1  scheduler.o(.bss.rt_current_priority)
    rt_current_thread                        0x20000168   Data           4  scheduler.o(.bss.rt_current_thread)
    rt_interrupt_from_thread                 0x2000516c   Data           4  cpuport.o(.bss.rt_interrupt_from_thread)
    rt_interrupt_nest                        0x20005170   Data           1  irq.o(.bss.rt_interrupt_nest)
    rt_interrupt_to_thread                   0x20005174   Data           4  cpuport.o(.bss.rt_interrupt_to_thread)
    rt_thread_defunct                        0x2000517c   Data           8  scheduler.o(.bss.rt_thread_defunct)
    rt_thread_priority_table                 0x20005184   Data         256  scheduler.o(.bss.rt_thread_priority_table)
    rt_thread_ready_priority_group           0x20005284   Data           4  scheduler.o(.bss.rt_thread_ready_priority_group)
    rt_thread_switch_interrupt_flag          0x20005388   Data           4  cpuport.o(.bss.rt_thread_switch_interrupt_flag)
    shell                                    0x2000539c   Data           4  shell.o(.bss.shell)



==============================================================================

Memory Map of the image

  Image Entry point : 0x000000c1

  Load Region LR_IROM1 (Base: 0x00000000, Size: 0x00002ea0, Max: 0x00040000, ABSOLUTE)

    Execution Region ER_IROM1 (Exec base: 0x00000000, Load base: 0x00000000, Size: 0x00002e54, Max: 0x00040000, ABSOLUTE)

    Exec Addr    Load Addr    Size         Type   Attr      Idx    E Section Name        Object

    0x00000000   0x00000000   0x000000c0   Data   RO            3    RESET               startup_fm33lg0xx.o
    0x000000c0   0x000000c0   0x00000008   Code   RO         2620  * !!!main             c_pu.l(__main.o)
    0x000000c8   0x000000c8   0x0000003c   Code   RO         2838    !!!scatter          c_pu.l(__scatter.o)
    0x00000104   0x00000104   0x0000001a   Code   RO         2840    !!handler_copy      c_pu.l(__scatter_copy.o)
    0x0000011e   0x0000011e   0x00000002   PAD
    0x00000120   0x00000120   0x0000001c   Code   RO         2842    !!handler_zi        c_pu.l(__scatter_zi.o)
    0x0000013c   0x0000013c   0x00000002   Code   RO         2699    .ARM.Collect$$libinit$$00000000  c_pu.l(libinit.o)
    0x0000013e   0x0000013e   0x00000000   Code   RO         2717    .ARM.Collect$$libinit$$00000002  c_pu.l(libinit2.o)
    0x0000013e   0x0000013e   0x00000000   Code   RO         2719    .ARM.Collect$$libinit$$00000004  c_pu.l(libinit2.o)
    0x0000013e   0x0000013e   0x00000000   Code   RO         2722    .ARM.Collect$$libinit$$0000000A  c_pu.l(libinit2.o)
    0x0000013e   0x0000013e   0x00000000   Code   RO         2724    .ARM.Collect$$libinit$$0000000C  c_pu.l(libinit2.o)
    0x0000013e   0x0000013e   0x00000000   Code   RO         2726    .ARM.Collect$$libinit$$0000000E  c_pu.l(libinit2.o)
    0x0000013e   0x0000013e   0x00000000   Code   RO         2729    .ARM.Collect$$libinit$$00000011  c_pu.l(libinit2.o)
    0x0000013e   0x0000013e   0x00000000   Code   RO         2731    .ARM.Collect$$libinit$$00000013  c_pu.l(libinit2.o)
    0x0000013e   0x0000013e   0x00000000   Code   RO         2733    .ARM.Collect$$libinit$$00000015  c_pu.l(libinit2.o)
    0x0000013e   0x0000013e   0x00000000   Code   RO         2735    .ARM.Collect$$libinit$$00000017  c_pu.l(libinit2.o)
    0x0000013e   0x0000013e   0x00000000   Code   RO         2737    .ARM.Collect$$libinit$$00000019  c_pu.l(libinit2.o)
    0x0000013e   0x0000013e   0x00000000   Code   RO         2739    .ARM.Collect$$libinit$$0000001B  c_pu.l(libinit2.o)
    0x0000013e   0x0000013e   0x00000000   Code   RO         2741    .ARM.Collect$$libinit$$0000001D  c_pu.l(libinit2.o)
    0x0000013e   0x0000013e   0x00000000   Code   RO         2743    .ARM.Collect$$libinit$$0000001F  c_pu.l(libinit2.o)
    0x0000013e   0x0000013e   0x00000000   Code   RO         2745    .ARM.Collect$$libinit$$00000021  c_pu.l(libinit2.o)
    0x0000013e   0x0000013e   0x00000000   Code   RO         2747    .ARM.Collect$$libinit$$00000023  c_pu.l(libinit2.o)
    0x0000013e   0x0000013e   0x00000000   Code   RO         2749    .ARM.Collect$$libinit$$00000025  c_pu.l(libinit2.o)
    0x0000013e   0x0000013e   0x00000000   Code   RO         2753    .ARM.Collect$$libinit$$0000002C  c_pu.l(libinit2.o)
    0x0000013e   0x0000013e   0x00000000   Code   RO         2755    .ARM.Collect$$libinit$$0000002E  c_pu.l(libinit2.o)
    0x0000013e   0x0000013e   0x00000000   Code   RO         2757    .ARM.Collect$$libinit$$00000030  c_pu.l(libinit2.o)
    0x0000013e   0x0000013e   0x00000000   Code   RO         2759    .ARM.Collect$$libinit$$00000032  c_pu.l(libinit2.o)
    0x0000013e   0x0000013e   0x00000002   Code   RO         2760    .ARM.Collect$$libinit$$00000033  c_pu.l(libinit2.o)
    0x00000140   0x00000140   0x00000002   Code   RO         2790    .ARM.Collect$$libshutdown$$00000000  c_pu.l(libshutdown.o)
    0x00000142   0x00000142   0x00000000   Code   RO         2821    .ARM.Collect$$libshutdown$$00000002  c_pu.l(libshutdown2.o)
    0x00000142   0x00000142   0x00000000   Code   RO         2823    .ARM.Collect$$libshutdown$$00000004  c_pu.l(libshutdown2.o)
    0x00000142   0x00000142   0x00000000   Code   RO         2826    .ARM.Collect$$libshutdown$$00000007  c_pu.l(libshutdown2.o)
    0x00000142   0x00000142   0x00000000   Code   RO         2829    .ARM.Collect$$libshutdown$$0000000A  c_pu.l(libshutdown2.o)
    0x00000142   0x00000142   0x00000000   Code   RO         2831    .ARM.Collect$$libshutdown$$0000000C  c_pu.l(libshutdown2.o)
    0x00000142   0x00000142   0x00000000   Code   RO         2834    .ARM.Collect$$libshutdown$$0000000F  c_pu.l(libshutdown2.o)
    0x00000142   0x00000142   0x00000002   Code   RO         2835    .ARM.Collect$$libshutdown$$00000010  c_pu.l(libshutdown2.o)
    0x00000144   0x00000144   0x00000000   Code   RO         2654    .ARM.Collect$$rtentry$$00000000  c_pu.l(__rtentry.o)
    0x00000144   0x00000144   0x00000000   Code   RO         2667    .ARM.Collect$$rtentry$$00000002  c_pu.l(__rtentry2.o)
    0x00000144   0x00000144   0x00000006   Code   RO         2679    .ARM.Collect$$rtentry$$00000004  c_pu.l(__rtentry4.o)
    0x0000014a   0x0000014a   0x00000000   Code   RO         2669    .ARM.Collect$$rtentry$$00000009  c_pu.l(__rtentry2.o)
    0x0000014a   0x0000014a   0x00000004   Code   RO         2670    .ARM.Collect$$rtentry$$0000000A  c_pu.l(__rtentry2.o)
    0x0000014e   0x0000014e   0x00000000   Code   RO         2672    .ARM.Collect$$rtentry$$0000000C  c_pu.l(__rtentry2.o)
    0x0000014e   0x0000014e   0x00000008   Code   RO         2673    .ARM.Collect$$rtentry$$0000000D  c_pu.l(__rtentry2.o)
    0x00000156   0x00000156   0x00000002   Code   RO         2708    .ARM.Collect$$rtexit$$00000000  c_pu.l(rtexit.o)
    0x00000158   0x00000158   0x00000000   Code   RO         2764    .ARM.Collect$$rtexit$$00000002  c_pu.l(rtexit2.o)
    0x00000158   0x00000158   0x00000004   Code   RO         2765    .ARM.Collect$$rtexit$$00000003  c_pu.l(rtexit2.o)
    0x0000015c   0x0000015c   0x00000006   Code   RO         2766    .ARM.Collect$$rtexit$$00000004  c_pu.l(rtexit2.o)
    0x00000162   0x00000162   0x00000002   PAD
    0x00000164   0x00000164   0x00000038   Code   RO            4    .text               startup_fm33lg0xx.o
    0x0000019c   0x0000019c   0x000000d8   Code   RO         2065    .text               context_rvds.o
    0x00000274   0x00000274   0x00000044   Code   RO         2596    .text               c_pu.l(strlen.o)
    0x000002b8   0x000002b8   0x000000a0   Code   RO         2598    .text               c_pu.l(strncmp.o)
    0x00000358   0x00000358   0x00000012   Code   RO         2604    .text               c_pu.l(aeabi_memset.o)
    0x0000036a   0x0000036a   0x00000040   Code   RO         2606    .text               c_pu.l(rt_memclr.o)
    0x000003aa   0x000003aa   0x00000002   PAD
    0x000003ac   0x000003ac   0x000001f8   Code   RO         2610    .text               c_pu.l(aeabi_sdivfast.o)
    0x000005a4   0x000005a4   0x00000006   Code   RO         2618    .text               c_pu.l(heapauxi.o)
    0x000005aa   0x000005aa   0x0000003e   Code   RO         2685    .text               c_pu.l(sys_stackheap_outer.o)
    0x000005e8   0x000005e8   0x00000010   Code   RO         2688    .text               c_pu.l(exit.o)
    0x000005f8   0x000005f8   0x00000008   Code   RO         2704    .text               c_pu.l(libspace.o)
    0x00000600   0x00000600   0x0000000a   Code   RO         2209    .text.$Sub$$main    components.o
    0x0000060a   0x0000060a   0x00000002   PAD
    0x0000060c   0x0000060c   0x0000005c   Code   RO           97    .text.DebugUartInit  user_init.o
    0x00000668   0x00000668   0x0000000c   Code   RO           17    .text.FL_CMU_DisableGroup1BusClock  mf_config.o
    0x00000674   0x00000674   0x0000000c   Code   RO           13    .text.FL_CMU_EnableGroup1BusClock  mf_config.o
    0x00000680   0x00000680   0x00000010   Code   RO         1017    .text.FL_CMU_EnableGroup1BusClock  fm33lg0xx_fl_gpio.o
    0x00000690   0x00000690   0x00000010   Code   RO         1943    .text.FL_CMU_EnableGroup3BusClock  fm33lg0xx_fl_uart.o
    0x000006a0   0x000006a0   0x00000010   Code   RO         1945    .text.FL_CMU_EnableGroup3OperationClock  fm33lg0xx_fl_uart.o
    0x000006b0   0x000006b0   0x00000046   Code   RO          681    .text.FL_CMU_GetAHBClockFreq  fm33lg0xx_fl_cmu.o
    0x000006f6   0x000006f6   0x00000002   PAD
    0x000006f8   0x000006f8   0x0000000c   Code   RO          683    .text.FL_CMU_GetAHBPrescaler  fm33lg0xx_fl_cmu.o
    0x00000704   0x00000704   0x00000046   Code   RO          685    .text.FL_CMU_GetAPBClockFreq  fm33lg0xx_fl_cmu.o
    0x0000074a   0x0000074a   0x00000002   PAD
    0x0000074c   0x0000074c   0x0000000c   Code   RO          687    .text.FL_CMU_GetAPBPrescaler  fm33lg0xx_fl_cmu.o
    0x00000758   0x00000758   0x00000068   Code   RO          677    .text.FL_CMU_GetPLLClockFreq  fm33lg0xx_fl_cmu.o
    0x000007c0   0x000007c0   0x00000020   Code   RO          675    .text.FL_CMU_GetRCHFClockFreq  fm33lg0xx_fl_cmu.o
    0x000007e0   0x000007e0   0x0000002c   Code   RO          679    .text.FL_CMU_GetRCLFClockFreq  fm33lg0xx_fl_cmu.o
    0x0000080c   0x0000080c   0x00000044   Code   RO          671    .text.FL_CMU_GetSystemClockFreq  fm33lg0xx_fl_cmu.o
    0x00000850   0x00000850   0x00000010   Code   RO          673    .text.FL_CMU_GetSystemClockSource  fm33lg0xx_fl_cmu.o
    0x00000860   0x00000860   0x0000000c   Code   RO          693    .text.FL_CMU_PLL_GetClockSource  fm33lg0xx_fl_cmu.o
    0x0000086c   0x0000086c   0x0000000c   Code   RO          695    .text.FL_CMU_PLL_GetPrescaler  fm33lg0xx_fl_cmu.o
    0x00000878   0x00000878   0x00000010   Code   RO          697    .text.FL_CMU_PLL_ReadMultiplier  fm33lg0xx_fl_cmu.o
    0x00000888   0x00000888   0x00000010   Code   RO          691    .text.FL_CMU_RCHF_GetFrequency  fm33lg0xx_fl_cmu.o
    0x00000898   0x00000898   0x00000010   Code   RO          689    .text.FL_CMU_RCLF_GetPrescaler  fm33lg0xx_fl_cmu.o
    0x000008a8   0x000008a8   0x00000010   Code   RO         1939    .text.FL_CMU_SetUART0ClockSource  fm33lg0xx_fl_uart.o
    0x000008b8   0x000008b8   0x00000014   Code   RO         1941    .text.FL_CMU_SetUART1ClockSource  fm33lg0xx_fl_uart.o
    0x000008cc   0x000008cc   0x00000018   Code   RO          179    .text.FL_DelayInit  fm33lg0xx_fl.o
    0x000008e4   0x000008e4   0x00000010   Code   RO         1011    .text.FL_GPIO_DisablePinAnalogSwitch  fm33lg0xx_fl_gpio.o
    0x000008f4   0x000008f4   0x00000010   Code   RO         1005    .text.FL_GPIO_DisablePinInput  fm33lg0xx_fl_gpio.o
    0x00000904   0x00000904   0x00000010   Code   RO         1007    .text.FL_GPIO_DisablePinOpenDrain  fm33lg0xx_fl_gpio.o
    0x00000914   0x00000914   0x00000010   Code   RO         1009    .text.FL_GPIO_DisablePinPullup  fm33lg0xx_fl_gpio.o
    0x00000924   0x00000924   0x00000014   Code   RO         1013    .text.FL_GPIO_DisablePinRemap  fm33lg0xx_fl_gpio.o
    0x00000938   0x00000938   0x0000000a   Code   RO         1019    .text.FL_GPIO_EnablePinAnalogSwitch  fm33lg0xx_fl_gpio.o
    0x00000942   0x00000942   0x0000000a   Code   RO         1021    .text.FL_GPIO_EnablePinInput  fm33lg0xx_fl_gpio.o
    0x0000094c   0x0000094c   0x0000000a   Code   RO         1023    .text.FL_GPIO_EnablePinOpenDrain  fm33lg0xx_fl_gpio.o
    0x00000956   0x00000956   0x0000000a   Code   RO         1025    .text.FL_GPIO_EnablePinPullup  fm33lg0xx_fl_gpio.o
    0x00000960   0x00000960   0x0000000a   Code   RO         1027    .text.FL_GPIO_EnablePinRemap  fm33lg0xx_fl_gpio.o
    0x0000096a   0x0000096a   0x00000002   PAD
    0x0000096c   0x0000096c   0x0000012c   Code   RO         1015    .text.FL_GPIO_Init  fm33lg0xx_fl_gpio.o
    0x00000a98   0x00000a98   0x00000010   Code   RO          101    .text.FL_GPIO_ResetOutputPin  user_init.o
    0x00000aa8   0x00000aa8   0x00000014   Code   RO           87    .text.FL_GPIO_SetFOUT0  user_init.o
    0x00000abc   0x00000abc   0x00000010   Code   RO          103    .text.FL_GPIO_SetOutputPin  user_init.o
    0x00000acc   0x00000acc   0x00000012   Code   RO         1003    .text.FL_GPIO_SetPinMode  fm33lg0xx_fl_gpio.o
    0x00000ade   0x00000ade   0x00000002   PAD
    0x00000ae0   0x00000ae0   0x00000010   Code   RO           60    .text.FL_GPIO_ToggleOutputPin  main.o
    0x00000af0   0x00000af0   0x00000008   Code   RO          191    .text.FL_Init       fm33lg0xx_fl.o
    0x00000af8   0x00000af8   0x0000000c   Code   RO           54    .text.FL_LPUART_ClearFlag_RXBuffFull  main.o
    0x00000b04   0x00000b04   0x00000010   Code   RO           58    .text.FL_LPUART_IsActiveFlag_TXBuffEmpty  main.o
    0x00000b14   0x00000b14   0x00000010   Code   RO           52    .text.FL_LPUART_ReadMatchData  main.o
    0x00000b24   0x00000b24   0x00000014   Code   RO           56    .text.FL_LPUART_ReadRXBuff  main.o
    0x00000b38   0x00000b38   0x00000014   Code   RO           44    .text.FL_LPUART_WriteTXBuff  main.o
    0x00000b4c   0x00000b4c   0x00000010   Code   RO           15    .text.FL_RTCA_WriteAdjustValue  mf_config.o
    0x00000b5c   0x00000b5c   0x00000014   Code   RO           19    .text.FL_RTCB_WriteAdjustValue  mf_config.o
    0x00000b70   0x00000b70   0x0000000a   Code   RO         1949    .text.FL_UART_EnableRX  fm33lg0xx_fl_uart.o
    0x00000b7a   0x00000b7a   0x0000000a   Code   RO         1947    .text.FL_UART_EnableTX  fm33lg0xx_fl_uart.o
    0x00000b84   0x00000b84   0x000001bc   Code   RO         1937    .text.FL_UART_Init  fm33lg0xx_fl_uart.o
    0x00000d40   0x00000d40   0x0000000c   Code   RO         1955    .text.FL_UART_SetDataWidth  fm33lg0xx_fl_uart.o
    0x00000d4c   0x00000d4c   0x0000000c   Code   RO         1957    .text.FL_UART_SetParity  fm33lg0xx_fl_uart.o
    0x00000d58   0x00000d58   0x0000000e   Code   RO         1953    .text.FL_UART_SetStopBitsWidth  fm33lg0xx_fl_uart.o
    0x00000d66   0x00000d66   0x00000002   PAD
    0x00000d68   0x00000d68   0x00000010   Code   RO         1951    .text.FL_UART_WriteBaudRate  fm33lg0xx_fl_uart.o
    0x00000d78   0x00000d78   0x0000002c   Code   RO           85    .text.FoutInit      user_init.o
    0x00000da4   0x00000da4   0x00000054   Code   RO           99    .text.Led1Init      user_init.o
    0x00000df8   0x00000df8   0x00000058   Code   RO          105    .text.Led2Init      user_init.o
    0x00000e50   0x00000e50   0x00000014   Code   RO           11    .text.MF_Clock_Init  mf_config.o
    0x00000e64   0x00000e64   0x00000002   Code   RO           23    .text.MF_Config_Init  mf_config.o
    0x00000e66   0x00000e66   0x00000002   Code   RO           21    .text.MF_SystemClock_Config  mf_config.o
    0x00000e68   0x00000e68   0x00000018   Code   RO          147    .text.NVIC_SetPriority  board.o
    0x00000e80   0x00000e80   0x00000008   Code   RO          141    .text.SysTick_Handler  board.o
    0x00000e88   0x00000e88   0x000000c8   Code   RO          160    .text.SystemInit    system_fm33lg0xx.o
    0x00000f50   0x00000f50   0x00000010   Code   RO          107    .text.UserInit      user_init.o
    0x00000f60   0x00000f60   0x00000020   Code   RO          145    .text._SysTick_Config  board.o
    0x00000f80   0x00000f80   0x0000003c   Code   RO         2369    .text.__rt_ffs      kservice.o
    0x00000fbc   0x00000fbc   0x00000010   Code   RO         2232    .text._has_defunct_thread  idle.o
    0x00000fcc   0x00000fcc   0x00000064   Code   RO         2116    .text._msh_exec_cmd  msh.o
    0x00001030   0x00001030   0x00000074   Code   RO         2501    .text._rt_thread_init  thread.o
    0x000010a4   0x000010a4   0x0000001c   Code   RO         2549    .text._rt_timer_init  timer.o
    0x000010c0   0x000010c0   0x0000000a   Code   RO         2553    .text._rt_timer_remove  timer.o
    0x000010ca   0x000010ca   0x00000002   Code   RO           89    .text._sys_exit     user_init.o
    0x000010cc   0x000010cc   0x0000001c   Code   RO         2495    .text._thread_cleanup_execute  thread.o
    0x000010e8   0x000010e8   0x0000000a   Code   RO         2112    .text.cmd_free      msh.o
    0x000010f2   0x000010f2   0x0000000a   Code   RO         2110    .text.cmd_ps        msh.o
    0x000010fc   0x000010fc   0x00000008   Code   RO         2151    .text.finsh_getchar  shell.o
    0x00001104   0x00001104   0x00000018   Code   RO         2143    .text.finsh_set_prompt_mode  shell.o
    0x0000111c   0x0000111c   0x00000014   Code   RO         2155    .text.finsh_system_function_init  shell.o
    0x00001130   0x00001130   0x0000007c   Code   RO         2159    .text.finsh_system_init  shell.o
    0x000011ac   0x000011ac   0x000002bc   Code   RO         2149    .text.finsh_thread_entry  shell.o
    0x00001468   0x00001468   0x00000004   Code   RO         2070    .text.hello         cmd.o
    0x0000146c   0x0000146c   0x0000000e   Code   RO           38    .text.led1_task_entry  main.o
    0x0000147a   0x0000147a   0x0000000e   Code   RO           40    .text.led2_task_entry  main.o
    0x00001488   0x00001488   0x00000004   Code   RO         2086    .text.list          cmd.o
    0x0000148c   0x0000148c   0x0000001e   Code   RO         2076    .text.list_find_init  cmd.o
    0x000014aa   0x000014aa   0x00000068   Code   RO         2078    .text.list_get_next  cmd.o
    0x00001512   0x00001512   0x00000040   Code   RO         2082    .text.list_mailbox  cmd.o
    0x00001552   0x00001552   0x00000002   Code   RO         2398    .text.list_mem      mem.o
    0x00001554   0x00001554   0x00000040   Code   RO         2080    .text.list_sem      cmd.o
    0x00001594   0x00001594   0x00000066   Code   RO         2074    .text.list_thread   cmd.o
    0x000015fa   0x000015fa   0x00000040   Code   RO         2084    .text.list_timer    cmd.o
    0x0000163a   0x0000163a   0x00000002   PAD
    0x0000163c   0x0000163c   0x00000088   Code   RO           36    .text.main          main.o
    0x000016c4   0x000016c4   0x0000000c   Code   RO         2213    .text.main_thread_entry  components.o
    0x000016d0   0x000016d0   0x0000008c   Code   RO         2118    .text.msh_auto_complete  msh.o
    0x0000175c   0x0000175c   0x00000046   Code   RO         2114    .text.msh_exec      msh.o
    0x000017a2   0x000017a2   0x00000002   PAD
    0x000017a4   0x000017a4   0x00000068   Code   RO         2122    .text.msh_get_cmd   msh.o
    0x0000180c   0x0000180c   0x00000004   Code   RO         2108    .text.msh_help      msh.o
    0x00001810   0x00001810   0x00000004   Code   RO         2106    .text.msh_is_used   msh.o
    0x00001814   0x00001814   0x000000e2   Code   RO         2124    .text.msh_split     msh.o
    0x000018f6   0x000018f6   0x00000002   PAD
    0x000018f8   0x000018f8   0x00000058   Code   RO         2392    .text.plug_holes    mem.o
    0x00001950   0x00001950   0x00000030   Code   RO         2215    .text.rt_application_init  components.o
    0x00001980   0x00001980   0x00000020   Code   RO         2394    .text.rt_calloc     mem.o
    0x000019a0   0x000019a0   0x00000018   Code   RO         2205    .text.rt_components_board_init  components.o
    0x000019b8   0x000019b8   0x0000001c   Code   RO         2207    .text.rt_components_init  components.o
    0x000019d4   0x000019d4   0x00000014   Code   RO         2472    .text.rt_enter_critical  scheduler.o
    0x000019e8   0x000019e8   0x00000038   Code   RO         2474    .text.rt_exit_critical  scheduler.o
    0x00001a20   0x00001a20   0x00000064   Code   RO         2390    .text.rt_free       mem.o
    0x00001a84   0x00001a84   0x00000004   Code   RO          135    .text.rt_heap_begin_get  board.o
    0x00001a88   0x00001a88   0x00000010   Code   RO          137    .text.rt_heap_end_get  board.o
    0x00001a98   0x00001a98   0x00000030   Code   RO          143    .text.rt_hw_board_init  board.o
    0x00001ac8   0x00001ac8   0x00000036   Code   RO           50    .text.rt_hw_console_getchar  main.o
    0x00001afe   0x00001afe   0x00000006   Code   RO         2051    .text.rt_hw_hard_fault_exception  cpuport.o
    0x00001b04   0x00001b04   0x0000003c   Code   RO         2049    .text.rt_hw_stack_init  cpuport.o
    0x00001b40   0x00001b40   0x00000014   Code   RO         2306    .text.rt_interrupt_enter  irq.o
    0x00001b54   0x00001b54   0x00000018   Code   RO         2308    .text.rt_interrupt_leave  irq.o
    0x00001b6c   0x00001b6c   0x0000000c   Code   RO         2274    .text.rt_ipc_list_resume  ipc.o
    0x00001b78   0x00001b78   0x0000004c   Code   RO         2266    .text.rt_ipc_list_suspend  ipc.o
    0x00001bc4   0x00001bc4   0x0000000a   Code   RO         2254    .text.rt_ipc_object_init  ipc.o
    0x00001bce   0x00001bce   0x00000006   Code   RO         2280    .text.rt_list_init  ipc.o
    0x00001bd4   0x00001bd4   0x00000006   Code   RO         2456    .text.rt_list_init  scheduler.o
    0x00001bda   0x00001bda   0x00000006   Code   RO         2537    .text.rt_list_init  thread.o
    0x00001be0   0x00001be0   0x00000006   Code   RO         2569    .text.rt_list_init  timer.o
    0x00001be6   0x00001be6   0x0000000c   Code   RO         2429    .text.rt_list_insert_after  object.o
    0x00001bf2   0x00001bf2   0x00000002   PAD
    0x00001bf4   0x00001bf4   0x00000014   Code   RO         2497    .text.rt_list_insert_after  thread.o
    0x00001c08   0x00001c08   0x0000000c   Code   RO         2561    .text.rt_list_insert_after  timer.o
    0x00001c14   0x00001c14   0x0000000c   Code   RO         2296    .text.rt_list_insert_before  ipc.o
    0x00001c20   0x00001c20   0x0000000c   Code   RO         2464    .text.rt_list_insert_before  scheduler.o
    0x00001c2c   0x00001c2c   0x0000000c   Code   RO         2519    .text.rt_list_insert_before  thread.o
    0x00001c38   0x00001c38   0x0000000a   Code   RO         2272    .text.rt_list_isempty  ipc.o
    0x00001c42   0x00001c42   0x0000000a   Code   RO         2470    .text.rt_list_isempty  scheduler.o
    0x00001c4c   0x00001c4c   0x0000000a   Code   RO         2571    .text.rt_list_isempty  timer.o
    0x00001c56   0x00001c56   0x00000010   Code   RO         2234    .text.rt_list_remove  idle.o
    0x00001c66   0x00001c66   0x00000010   Code   RO         2433    .text.rt_list_remove  object.o
    0x00001c76   0x00001c76   0x00000010   Code   RO         2468    .text.rt_list_remove  scheduler.o
    0x00001c86   0x00001c86   0x00000010   Code   RO         2517    .text.rt_list_remove  thread.o
    0x00001c96   0x00001c96   0x00000010   Code   RO         2573    .text.rt_list_remove  timer.o
    0x00001ca6   0x00001ca6   0x00000002   PAD
    0x00001ca8   0x00001ca8   0x00000150   Code   RO         2386    .text.rt_malloc     mem.o
    0x00001df8   0x00001df8   0x00000032   Code   RO         2331    .text.rt_memmove    kservice.o
    0x00001e2a   0x00001e2a   0x0000004c   Code   RO         2327    .text.rt_memset     kservice.o
    0x00001e76   0x00001e76   0x00000054   Code   RO         2435    .text.rt_object_allocate  object.o
    0x00001eca   0x00001eca   0x00000024   Code   RO         2437    .text.rt_object_delete  object.o
    0x00001eee   0x00001eee   0x0000001e   Code   RO         2431    .text.rt_object_detach  object.o
    0x00001f0c   0x00001f0c   0x0000001c   Code   RO         2421    .text.rt_object_get_information  object.o
    0x00001f28   0x00001f28   0x0000004e   Code   RO         2427    .text.rt_object_init  object.o
    0x00001f76   0x00001f76   0x00000006   Code   RO         2439    .text.rt_object_is_systemobject  object.o
    0x00001f7c   0x00001f7c   0x00000010   Code   RO          139    .text.rt_os_tick_callback  board.o
    0x00001f8c   0x00001f8c   0x00000058   Code   RO         2460    .text.rt_schedule   scheduler.o
    0x00001fe4   0x00001fe4   0x0000003c   Code   RO         2462    .text.rt_schedule_insert_thread  scheduler.o
    0x00002020   0x00002020   0x00000038   Code   RO         2466    .text.rt_schedule_remove_thread  scheduler.o
    0x00002058   0x00002058   0x0000001e   Code   RO         2252    .text.rt_sem_init   ipc.o
    0x00002076   0x00002076   0x00000002   PAD
    0x00002078   0x00002078   0x00000058   Code   RO         2270    .text.rt_sem_release  ipc.o
    0x000020d0   0x000020d0   0x0000007a   Code   RO         2264    .text.rt_sem_take   ipc.o
    0x0000214a   0x0000214a   0x00000002   Code   RO         2351    .text.rt_show_version  kservice.o
    0x0000214c   0x0000214c   0x00000034   Code   RO         2341    .text.rt_strncpy    kservice.o
    0x00002180   0x00002180   0x00000074   Code   RO         2384    .text.rt_system_heap_init  mem.o
    0x000021f4   0x000021f4   0x00000038   Code   RO         2454    .text.rt_system_scheduler_init  scheduler.o
    0x0000222c   0x0000222c   0x0000002c   Code   RO         2458    .text.rt_system_scheduler_start  scheduler.o
    0x00002258   0x00002258   0x00000010   Code   RO         2579    .text.rt_system_timer_init  timer.o
    0x00002268   0x00002268   0x00000002   Code   RO         2581    .text.rt_system_timer_thread_init  timer.o
    0x0000226a   0x0000226a   0x0000004a   Code   RO         2511    .text.rt_thread_create  thread.o
    0x000022b4   0x000022b4   0x00000050   Code   RO         2493    .text.rt_thread_exit  thread.o
    0x00002304   0x00002304   0x00000006   Code   RO         2238    .text.rt_thread_idle_entry  idle.o
    0x0000230a   0x0000230a   0x00000002   PAD
    0x0000230c   0x0000230c   0x0000003c   Code   RO         2230    .text.rt_thread_idle_excute  idle.o
    0x00002348   0x00002348   0x00000044   Code   RO         2236    .text.rt_thread_idle_init  idle.o
    0x0000238c   0x0000238c   0x00000030   Code   RO         2499    .text.rt_thread_init  thread.o
    0x000023bc   0x000023bc   0x0000000e   Code   RO         2529    .text.rt_thread_mdelay  thread.o
    0x000023ca   0x000023ca   0x0000003c   Code   RO         2507    .text.rt_thread_resume  thread.o
    0x00002406   0x00002406   0x00000002   PAD
    0x00002408   0x00002408   0x00000008   Code   RO         2503    .text.rt_thread_self  thread.o
    0x00002410   0x00002410   0x00000044   Code   RO         2521    .text.rt_thread_sleep  thread.o
    0x00002454   0x00002454   0x0000002a   Code   RO         2505    .text.rt_thread_startup  thread.o
    0x0000247e   0x0000247e   0x00000046   Code   RO         2523    .text.rt_thread_suspend  thread.o
    0x000024c4   0x000024c4   0x0000001e   Code   RO         2533    .text.rt_thread_timeout  thread.o
    0x000024e2   0x000024e2   0x00000002   PAD
    0x000024e4   0x000024e4   0x0000005c   Code   RO         2515    .text.rt_thread_yield  thread.o
    0x00002540   0x00002540   0x00000034   Code   RO         2186    .text.rt_tick_from_millisecond  clock.o
    0x00002574   0x00002574   0x00000008   Code   RO         2180    .text.rt_tick_get   clock.o
    0x0000257c   0x0000257c   0x00000030   Code   RO         2184    .text.rt_tick_increase  clock.o
    0x000025ac   0x000025ac   0x000000a8   Code   RO         2567    .text.rt_timer_check  timer.o
    0x00002654   0x00002654   0x00000056   Code   RO         2565    .text.rt_timer_control  timer.o
    0x000026aa   0x000026aa   0x00000028   Code   RO         2551    .text.rt_timer_detach  timer.o
    0x000026d2   0x000026d2   0x00000026   Code   RO         2547    .text.rt_timer_init  timer.o
    0x000026f8   0x000026f8   0x0000007c   Code   RO         2559    .text.rt_timer_start  timer.o
    0x00002774   0x00002774   0x0000002e   Code   RO         2563    .text.rt_timer_stop  timer.o
    0x000027a2   0x000027a2   0x00000004   Code   RO         2201    .text.rti_board_end  components.o
    0x000027a6   0x000027a6   0x00000004   Code   RO         2199    .text.rti_board_start  components.o
    0x000027aa   0x000027aa   0x00000004   Code   RO         2203    .text.rti_end       components.o
    0x000027ae   0x000027ae   0x00000004   Code   RO         2197    .text.rti_start     components.o
    0x000027b2   0x000027b2   0x0000002a   Code   RO         2211    .text.rtthread_startup  components.o
    0x000027dc   0x000027dc   0x00000014   Code   RO         2153    .text.shell_auto_complete  shell.o
    0x000027f0   0x000027f0   0x00000024   Code   RO         2120    .text.str_common    msh.o
    0x00002814   0x00002814   0x0000000a   Code   RO         2072    .text.version       cmd.o
    0x0000281e   0x0000281e   0x000001f6   Code   RO         2611    .text_divfast       c_pu.l(aeabi_sdivfast.o)
    0x00002a14   0x00002a14   0x00000100   Data   RO         2375    .rodata.__lowest_bit_bitmap  kservice.o
    0x00002b14   0x00002b14   0x000001a7   Data   RO         2088    .rodata.name        cmd.o
    0x00002cbb   0x00002cbb   0x00000076   Data   RO         2127    .rodata.name        msh.o
    0x00002d31   0x00002d31   0x00000027   Data   RO         2407    .rodata.name        mem.o
    0x00002d58   0x00002d58   0x00000007   Data   RO         2126    .rodata.str1.1      msh.o
    0x00002d5f   0x00002d5f   0x00000001   PAD
    0x00002d60   0x00002d60   0x00000004   Data   RO         2217    .rti_fn.0           components.o
    0x00002d64   0x00002d64   0x00000004   Data   RO         2218    .rti_fn.0.end       components.o
    0x00002d68   0x00002d68   0x00000004   Data   RO         2219    .rti_fn.1.end       components.o
    0x00002d6c   0x00002d6c   0x00000004   Data   RO         2169    .rti_fn.6           shell.o
    0x00002d70   0x00002d70   0x00000004   Data   RO         2220    .rti_fn.6.end       components.o
    0x00002d74   0x00002d74   0x00000090   Data   RO         2089    FSymTab             cmd.o
    0x00002e04   0x00002e04   0x00000024   Data   RO         2128    FSymTab             msh.o
    0x00002e28   0x00002e28   0x0000000c   Data   RO         2408    FSymTab             mem.o
    0x00002e34   0x00002e34   0x00000020   Data   RO         2837    Region$$Table       anon$$obj.o


    Execution Region RW_IRAM1 (Exec base: 0x20000000, Load base: 0x00002e58, Size: 0x000063a8, Max: 0x00008000, ABSOLUTE)

    Exec Addr    Load Addr    Size         Type   Attr      Idx    E Section Name        Object

    0x20000000   0x00002e58   0x00000004   Data   RW          170    .data.SystemCoreClock  system_fm33lg0xx.o
    0x20000004   0x00002e5c   0x00000040   Data   RW         2445    .data.rt_object_container  object.o
    0x20000044   0x00002e9c   0x00000004   PAD
    0x20000048        -       0x00000060   Zero   RW         2705    .bss                c_pu.l(libspace.o)
    0x200000a8        -       0x00000004   Zero   RW         2161    .bss._syscall_table_begin  shell.o
    0x200000ac        -       0x00000004   Zero   RW         2162    .bss._syscall_table_end  shell.o
    0x200000b0        -       0x00000004   Zero   RW         2402    .bss.heap_end       mem.o
    0x200000b4        -       0x00000004   Zero   RW         2401    .bss.heap_ptr       mem.o
    0x200000b8        -       0x00000020   Zero   RW         2403    .bss.heap_sem       mem.o
    0x200000d8        -       0x00000078   Zero   RW         2242    .bss.idle           idle.o
    0x20000150        -       0x00000004   Zero   RW           62    .bss.led1_Thread    main.o
    0x20000154        -       0x00000004   Zero   RW           63    .bss.led2_Thread    main.o
    0x20000158        -       0x00000004   Zero   RW         2404    .bss.lfree          mem.o
    0x2000015c        -       0x00000004   Zero   RW         2406    .bss.max_mem        mem.o
    0x20000160        -       0x00000004   Zero   RW         2400    .bss.mem_size_aligned  mem.o
    0x20000164        -       0x00000001   Zero   RW         2481    .bss.rt_current_priority  scheduler.o
    0x20000165   0x00002e9c   0x00000003   PAD
    0x20000168        -       0x00000004   Zero   RW         2478    .bss.rt_current_thread  scheduler.o
    0x2000016c        -       0x00005000   Zero   RW          149    .bss.rt_heap        board.o
    0x2000516c        -       0x00000004   Zero   RW         2055    .bss.rt_interrupt_from_thread  cpuport.o
    0x20005170        -       0x00000001   Zero   RW         2312    .bss.rt_interrupt_nest  irq.o
    0x20005171   0x00002e9c   0x00000003   PAD
    0x20005174        -       0x00000004   Zero   RW         2056    .bss.rt_interrupt_to_thread  cpuport.o
    0x20005178        -       0x00000002   Zero   RW         2479    .bss.rt_scheduler_lock_nest  scheduler.o
    0x2000517a   0x00002e9c   0x00000002   PAD
    0x2000517c        -       0x00000008   Zero   RW         2483    .bss.rt_thread_defunct  scheduler.o
    0x20005184        -       0x00000100   Zero   RW         2480    .bss.rt_thread_priority_table  scheduler.o
    0x20005284        -       0x00000004   Zero   RW         2482    .bss.rt_thread_ready_priority_group  scheduler.o
    0x20005288        -       0x00000100   Zero   RW         2243    .bss.rt_thread_stack  idle.o
    0x20005388        -       0x00000004   Zero   RW         2057    .bss.rt_thread_switch_interrupt_flag  cpuport.o
    0x2000538c        -       0x00000004   Zero   RW         2188    .bss.rt_tick        clock.o
    0x20005390        -       0x00000008   Zero   RW         2584    .bss.rt_timer_list  timer.o
    0x20005398        -       0x00000004   Zero   RW         2583    .bss.rt_timer_start.random_nr  timer.o
    0x2000539c        -       0x00000004   Zero   RW         2167    .bss.shell          shell.o
    0x200053a0        -       0x00000004   Zero   RW         2405    .bss.used_mem       mem.o
    0x200053a4   0x00002e9c   0x00000004   PAD
    0x200053a8        -       0x00000800   Zero   RW            2    HEAP                startup_fm33lg0xx.o
    0x20005ba8        -       0x00000800   Zero   RW            1    STACK               startup_fm33lg0xx.o


==============================================================================

Image component sizes


      Code (inc. data)   RO Data    RW Data    ZI Data      Debug   Object Name

       148         16          0          0      20480       2995   board.o
       108          8          0          0          4       2540   clock.o
       446          0        567          0          0       8067   cmd.o
       180         24         16          0          0       2984   components.o
       216         32          0          0          0        736   context_rvds.o
        66          4          0          0         12       1822   cpuport.o
        32          4          0          0          0       1778   fm33lg0xx_fl.o
       500         68          0          0          0       3731   fm33lg0xx_fl_cmu.o
       468         20          0          0          0       6796   fm33lg0xx_fl_gpio.o
       586         60          0          0          0       7062   fm33lg0xx_fl_uart.o
       166         28          0          0        376       2725   idle.o
       366          4          0          0          0       9999   ipc.o
        44          4          0          0          1        994   irq.o
       240          4        256          0          0      14522   kservice.o
       318         56          0          0          8       4485   main.o
       674         72         51          0         56       5059   mem.o
        84         12          0          0          0       3091   mf_config.o
       704         12        161          0          0       5146   msh.o
       290          4          0         64          0       5683   object.o
       424         28          0          0        275       4352   scheduler.o
       896        376          4          0         12       5539   shell.o
        56         26        192          0       4096        700   startup_fm33lg0xx.o
       200         36          0          4          0       4591   system_fm33lg0xx.o
       784         24          0          0          0       8674   thread.o
       602         22          0          0         12       6603   timer.o
       378         28          0          0          0       5823   user_init.o

    ----------------------------------------------------------------------
      9006        972       1280         68      25348     126497   Object Totals
         0          0         32          0          0          0   (incl. Generated)
        30          0          1          0         16          0   (incl. Padding)

    ----------------------------------------------------------------------

      Code (inc. data)   RO Data    RW Data    ZI Data      Debug   Library Member Name

         8          0          0          0          0         68   __main.o
         0          0          0          0          0          0   __rtentry.o
        12          0          0          0          0          0   __rtentry2.o
         6          0          0          0          0          0   __rtentry4.o
        60          8          0          0          0          0   __scatter.o
        26          0          0          0          0          0   __scatter_copy.o
        28          0          0          0          0          0   __scatter_zi.o
        18          0          0          0          0         68   aeabi_memset.o
      1006          4          0          0          0        184   aeabi_sdivfast.o
        16          0          0          0          0         68   exit.o
         6          0          0          0          0        136   heapauxi.o
         2          0          0          0          0          0   libinit.o
         2          0          0          0          0          0   libinit2.o
         2          0          0          0          0          0   libshutdown.o
         2          0          0          0          0          0   libshutdown2.o
         8          4          0          0         96         68   libspace.o
        64          0          0          0          0        108   rt_memclr.o
         2          0          0          0          0          0   rtexit.o
        10          0          0          0          0          0   rtexit2.o
        68          6          0          0          0         72   strlen.o
       160          6          0          0          0         76   strncmp.o
        62          0          0          0          0         80   sys_stackheap_outer.o

    ----------------------------------------------------------------------
      1574         28          0          0         96        928   Library Totals
         6          0          0          0          0          0   (incl. Padding)

    ----------------------------------------------------------------------

      Code (inc. data)   RO Data    RW Data    ZI Data      Debug   Library Name

      1568         28          0          0         96        928   c_pu.l

    ----------------------------------------------------------------------
      1574         28          0          0         96        928   Library Totals

    ----------------------------------------------------------------------

==============================================================================


      Code (inc. data)   RO Data    RW Data    ZI Data      Debug   

     10580       1000       1280         68      25444     126729   Grand Totals
     10580       1000       1280         68      25444     126729   ELF Image Totals
     10580       1000       1280         68          0          0   ROM Totals

==============================================================================

    Total RO  Size (Code + RO Data)                11860 (  11.58kB)
    Total RW  Size (RW Data + ZI Data)             25512 (  24.91kB)
    Total ROM Size (Code + RO Data + RW Data)      11928 (  11.65kB)

==============================================================================

